Archive member included to satisfy reference by file (symbol)

app/libapp.a(app_events.c.obj)
                              (--whole-archive)
app/libapp.a(app_sm.c.obj)    (--whole-archive)
app/libapp.a(hog.c.obj)       (--whole-archive)
app/libapp.a(main.c.obj)      (--whole-archive)
zephyr/libzephyr.a(crc32c_sw.c.obj)
                              (--whole-archive)
zephyr/libzephyr.a(crc32_sw.c.obj)
                              (--whole-archive)
zephyr/libzephyr.a(crc16_sw.c.obj)
                              (--whole-archive)
zephyr/libzephyr.a(crc8_sw.c.obj)
                              (--whole-archive)
zephyr/libzephyr.a(crc7_sw.c.obj)
                              (--whole-archive)
zephyr/libzephyr.a(crc4_sw.c.obj)
                              (--whole-archive)
zephyr/libzephyr.a(cbprintf_packaged.c.obj)
                              (--whole-archive)
zephyr/libzephyr.a(dec.c.obj)
                              (--whole-archive)
zephyr/libzephyr.a(hex.c.obj)
                              (--whole-archive)
zephyr/libzephyr.a(printk.c.obj)
                              (--whole-archive)
zephyr/libzephyr.a(rb.c.obj)  (--whole-archive)
zephyr/libzephyr.a(sem.c.obj)
                              (--whole-archive)
zephyr/libzephyr.a(thread_entry.c.obj)
                              (--whole-archive)
zephyr/libzephyr.a(timeutil.c.obj)
                              (--whole-archive)
zephyr/libzephyr.a(heap.c.obj)
                              (--whole-archive)
zephyr/libzephyr.a(heap-validate.c.obj)
                              (--whole-archive)
zephyr/libzephyr.a(bitarray.c.obj)
                              (--whole-archive)
zephyr/libzephyr.a(multi_heap.c.obj)
                              (--whole-archive)
zephyr/libzephyr.a(onoff.c.obj)
                              (--whole-archive)
zephyr/libzephyr.a(notify.c.obj)
                              (--whole-archive)
zephyr/libzephyr.a(cbprintf_complete.c.obj)
                              (--whole-archive)
zephyr/libzephyr.a(assert.c.obj)
                              (--whole-archive)
zephyr/libzephyr.a(configs.c.obj)
                              (--whole-archive)
zephyr/libzephyr.a(soc_nrf_common.S.obj)
                              (--whole-archive)
zephyr/libzephyr.a(validate_base_addresses.c.obj)
                              (--whole-archive)
zephyr/libzephyr.a(validate_enabled_instances.c.obj)
                              (--whole-archive)
zephyr/libzephyr.a(nvs.c.obj)
                              (--whole-archive)
zephyr/libzephyr.a(mem_attr.c.obj)
                              (--whole-archive)
zephyr/libzephyr.a(flash_map.c.obj)
                              (--whole-archive)
zephyr/libzephyr.a(flash_map_default.c.obj)
                              (--whole-archive)
zephyr/libzephyr.a(flash_map_layout.c.obj)
                              (--whole-archive)
zephyr/libzephyr.a(tracing_none.c.obj)
                              (--whole-archive)
zephyr/libzephyr.a(dis.c.obj)
                              (--whole-archive)
zephyr/libzephyr.a(bas.c.obj)
                              (--whole-archive)
zephyr/libzephyr.a(addr_utils.c.obj)
                              (--whole-archive)
zephyr/libzephyr.a(settings_store.c.obj)
                              (--whole-archive)
zephyr/libzephyr.a(settings.c.obj)
                              (--whole-archive)
zephyr/libzephyr.a(settings_init.c.obj)
                              (--whole-archive)
zephyr/libzephyr.a(settings_line.c.obj)
                              (--whole-archive)
zephyr/libzephyr.a(settings_nvs.c.obj)
                              (--whole-archive)
zephyr/libzephyr.a(utils.c.obj)
                              (--whole-archive)
zephyr/libzephyr.a(ecc_dh.c.obj)
                              (--whole-archive)
zephyr/libzephyr.a(ecc.c.obj)
                              (--whole-archive)
zephyr/libzephyr.a(aes_decrypt.c.obj)
                              (--whole-archive)
zephyr/libzephyr.a(aes_encrypt.c.obj)
                              (--whole-archive)
zephyr/libzephyr.a(cmac_mode.c.obj)
                              (--whole-archive)
zephyr/arch/common/libarch__common.a(sw_isr_common.c.obj)
                              (--whole-archive)
zephyr/arch/arch/arm/core/libarch__arm__core.a(fatal.c.obj)
                              (--whole-archive)
zephyr/arch/arch/arm/core/libarch__arm__core.a(nmi.c.obj)
                              (--whole-archive)
zephyr/arch/arch/arm/core/libarch__arm__core.a(nmi_on_reset.S.obj)
                              (--whole-archive)
zephyr/arch/arch/arm/core/libarch__arm__core.a(tls.c.obj)
                              (--whole-archive)
zephyr/arch/arch/arm/core/cortex_m/libarch__arm__core__cortex_m.a(exc_exit.S.obj)
                              (--whole-archive)
zephyr/arch/arch/arm/core/cortex_m/libarch__arm__core__cortex_m.a(fault.c.obj)
                              (--whole-archive)
[...]
Memory Configuration

Name             Origin             Length             Attributes
FLASH            0x0000000000000000 0x0000000000100000 xr
RAM              0x0000000020000000 0x0000000000040000 xw
IDT_LIST         0x00000000fffff7ff 0x0000000000000800 xw
*default*        0x0000000000000000 0xffffffffffffffff

Linker script and memory map

                0x000000000001f0ec                vfprintf = __i_vfprintf
                0x0000000000000000                vfscanf = __i_vfscanf
LOAD zephyr/CMakeFiles/zephyr_final.dir/misc/empty_file.c.obj
LOAD zephyr/CMakeFiles/zephyr_final.dir/isr_tables.c.obj
LOAD zephyr/CMakeFiles/offsets.dir/./arch/arm/core/offsets/offsets.c.obj
LOAD app/libapp.a
LOAD zephyr/libzephyr.a
LOAD zephyr/arch/common/libarch__common.a
LOAD zephyr/arch/arch/arm/core/libarch__arm__core.a
LOAD zephyr/arch/arch/arm/core/cortex_m/libarch__arm__core__cortex_m.a
LOAD zephyr/arch/arch/arm/core/mpu/libarch__arm__core__mpu.a
LOAD zephyr/lib/libc/picolibc/liblib__libc__picolibc.a
LOAD zephyr/lib/libc/common/liblib__libc__common.a
LOAD zephyr/soc/soc/arm/common/cortex_m/libsoc__arm__common__cortex_m.a
LOAD zephyr/soc/soc/arm/nordic_nrf/nrf52/libsoc__arm__nordic_nrf__nrf52.a
LOAD zephyr/subsys/random/libsubsys__random.a
LOAD zephyr/subsys/bluetooth/common/libsubsys__bluetooth__common.a
LOAD zephyr/subsys/bluetooth/host/libsubsys__bluetooth__host.a
LOAD zephyr/subsys/bluetooth/crypto/libsubsys__bluetooth__crypto.a
LOAD zephyr/subsys/bluetooth/controller/libsubsys__bluetooth__controller.a
LOAD zephyr/subsys/net/libsubsys__net.a
LOAD zephyr/drivers/adc/libdrivers__adc.a
LOAD zephyr/drivers/clock_control/libdrivers__clock_control.a
LOAD zephyr/drivers/entropy/libdrivers__entropy.a
LOAD zephyr/drivers/flash/libdrivers__flash.a
LOAD zephyr/drivers/gpio/libdrivers__gpio.a
LOAD zephyr/drivers/led/libdrivers__led.a
LOAD zephyr/drivers/pinctrl/libdrivers__pinctrl.a
LOAD zephyr/drivers/pwm/libdrivers__pwm.a
LOAD zephyr/drivers/sensor/qdec_nrfx/libdrivers__sensor__qdec_nrfx.a
LOAD zephyr/drivers/sensor/nrf5/libdrivers__sensor__nrf5.a
LOAD zephyr/drivers/timer/libdrivers__timer.a
LOAD modules/hal_nordic/nrfx/libmodules__hal_nordic__nrfx.a
LOAD zephyr/kernel/libkernel.a
LOAD /home/vboxuser/zephyr-sdk-0.16.5/arm-zephyr-eabi/bin/../lib/gcc/arm-zephyr-eabi/12.2.0/thumb/v7e-m/nofp/libgcc.a
LOAD zephyr/arch/common/libisr_tables.a
LOAD /home/vboxuser/zephyr-sdk-0.16.5/arm-zephyr-eabi/bin/../lib/gcc/../../picolibc/arm-zephyr-eabi/lib/thumb/v7e-m/nofp/libc.a
LOAD /home/vboxuser/zephyr-sdk-0.16.5/arm-zephyr-eabi/bin/../lib/gcc/arm-zephyr-eabi/12.2.0/thumb/v7e-m/nofp/libgcc.a
                0x0000000000000020                _region_min_align = 0x20

.rel.plt        0x0000000000000000        0x0
 *(SORT_BY_ALIGNMENT(.rel.plt))
                [!provide]                        PROVIDE (__rel_iplt_start = .)
 *(SORT_BY_ALIGNMENT(.rel.iplt))
 .rel.iplt      0x0000000000000000        0x0 zephyr/CMakeFiles/zephyr_final.dir/isr_tables.c.obj
                [!provide]                        PROVIDE (__rel_iplt_end = .)

.rela.plt       0x0000000000000000        0x0
 *(SORT_BY_ALIGNMENT(.rela.plt))
                [!provide]                        PROVIDE (__rela_iplt_start = .)
 *(SORT_BY_ALIGNMENT(.rela.iplt))
                [!provide]                        PROVIDE (__rela_iplt_end = .)

.rel.dyn
 *(SORT_BY_ALIGNMENT(.rel.*))

.rela.dyn
 *(SORT_BY_ALIGNMENT(.rela.*))

/DISCARD/
 *(SORT_BY_ALIGNMENT(.plt))

/DISCARD/
 *(SORT_BY_ALIGNMENT(.iplt))
                0x0000000000000000                __rom_region_start = 0x0

rom_start       0x0000000000000000      0x100
                0x0000000000000000                __rom_start_address = .
 FILL mask 0x00
                0x0000000000000000                . = (. + (0x0 - (. - __rom_start_address)))
                0x0000000000000000                . = ALIGN (0x4)
                0x0000000000000000                . = ALIGN (0x80)
                0x0000000000000000                . = ALIGN (0x100)
                0x0000000000000000                _vector_start = .
 *(SORT_BY_ALIGNMENT(.exc_vector_table))
 *(SORT_BY_ALIGNMENT(.exc_vector_table.*))
 .exc_vector_table._vector_table_section
                0x0000000000000000       0x40 zephyr/arch/arch/arm/core/cortex_m/libarch__arm__core__cortex_m.a(vector_table.S.obj)
                0x0000000000000000                _vector_table
 *(SORT_BY_ALIGNMENT(.vectors))
                0x0000000000000100                _vector_end = .
                0x0000000000000040                . = ALIGN (0x4)
 *(SORT_BY_ALIGNMENT(.gnu.linkonce.irq_vector_table*))
 .gnu.linkonce.irq_vector_table
                0x0000000000000040       0xc0 zephyr/CMakeFiles/zephyr_final.dir/isr_tables.c.obj
                0x0000000000000040                _irq_vector_table
                0x0000000000000100                _vector_end = .

text            0x0000000000000100    0x26510
                0x0000000000000100                __text_region_start = .
 *(SORT_BY_ALIGNMENT(.text))
 .text          0x0000000000000100       0x30 /home/vboxuser/zephyr-sdk-0.16.5/arm-zephyr-eabi/bin/../lib/gcc/arm-zephyr-eabi/12.2.0/thumb/v7e-m/nofp/libgcc.a(_aeabi_uldivmod.o)
                0x0000000000000100                __aeabi_uldivmod
 .text          0x0000000000000130        0x4 /home/vboxuser/zephyr-sdk-0.16.5/arm-zephyr-eabi/bin/../lib/gcc/arm-zephyr-eabi/12.2.0/thumb/v7e-m/nofp/libgcc.a(_dvmd_tls.o)
                0x0000000000000130                __aeabi_ldiv0
                0x0000000000000130                __aeabi_idiv0
 .text          0x0000000000000134      0x2a0 /home/vboxuser/zephyr-sdk-0.16.5/arm-zephyr-eabi/bin/../lib/gcc/arm-zephyr-eabi/12.2.0/thumb/v7e-m/nofp/libgcc.a(_udivmoddi4.o)
                0x0000000000000134                __udivmoddi4
 .text          0x00000000000003d4       0x14 /home/vboxuser/zephyr-sdk-0.16.5/arm-zephyr-eabi/bin/../lib/gcc/../../picolibc/arm-zephyr-eabi/lib/thumb/v7e-m/nofp/libc.a(strcmp.S.o)
                0x00000000000003d4                strcmp
 .text          0x00000000000003e8       0x10 /home/vboxuser/zephyr-sdk-0.16.5/arm-zephyr-eabi/bin/../lib/gcc/../../picolibc/arm-zephyr-eabi/lib/thumb/v7e-m/nofp/libc.a(strcpy.S.o)
                0x00000000000003e8                strcpy
 .text          0x00000000000003f8       0x10 /home/vboxuser/zephyr-sdk-0.16.5/arm-zephyr-eabi/bin/../lib/gcc/../../picolibc/arm-zephyr-eabi/lib/thumb/v7e-m/nofp/libc.a(strlen.S.o)
                0x00000000000003f8                strlen
 *(SORT_BY_ALIGNMENT(.text.*))
 .text.pwm_set  0x0000000000000408       0x9c app/libapp.a(hog.c.obj)
 *fill*         0x00000000000004a4        0x4 
 .text.bt_init  0x00000000000004a8      0x3b0 zephyr/subsys/bluetooth/host/libsubsys__bluetooth__host.a(hci_core.c.obj)
 .text.ull_drift_ticks_get
                0x0000000000000858       0x94 zephyr/subsys/bluetooth/controller/libsubsys__bluetooth__controller.a(ull.c.obj)
                0x0000000000000858                ull_drift_ticks_get
 *fill*         0x00000000000008ec        0x4 
 .text.ll_adv_enable
                0x00000000000008f0      0x3b0 zephyr/subsys/bluetooth/controller/libsubsys__bluetooth__controller.a(ull_adv.c.obj)
                0x00000000000008f0                ll_adv_enable
 .text.ull_adv_time_update
                0x0000000000000ca0       0xbc zephyr/subsys/bluetooth/controller/libsubsys__bluetooth__controller.a(ull_adv.c.obj)
                0x0000000000000ca0                ull_adv_time_update
 *fill*         0x0000000000000d5c        0x4 
 .text.ull_conn_update_ticker.constprop.0
                0x0000000000000d60      0x12c zephyr/subsys/bluetooth/controller/libsubsys__bluetooth__controller.a(ull_conn.c.obj)
 *fill*         0x0000000000000e8c        0x4 
 .text.ull_conn_done
                0x0000000000000e90      0x3a0 zephyr/subsys/bluetooth/controller/libsubsys__bluetooth__controller.a(ull_conn.c.obj)
                0x0000000000000e90                ull_conn_done
 .text.ull_conn_update_parameters
                0x0000000000001230      0x214 zephyr/subsys/bluetooth/controller/libsubsys__bluetooth__controller.a(ull_conn.c.obj)
                0x0000000000001230                ull_conn_update_parameters
 *fill*         0x0000000000001444        0x4 
 .text.ull_periph_setup
                0x0000000000001448      0x4b0 zephyr/subsys/bluetooth/controller/libsubsys__bluetooth__controller.a(ull_peripheral.c.obj)
                0x0000000000001448                ull_periph_setup
 .text.nrf_flash_sync_exe
                0x00000000000018f8       0xf8 zephyr/subsys/bluetooth/controller/libsubsys__bluetooth__controller.a(soc_flash_nrf_ticker.c.obj)
                0x00000000000018f8                nrf_flash_sync_exe
 .text.nrf_flash_sync_check_time_limit
                0x00000000000019f0       0x48 zephyr/subsys/bluetooth/controller/libsubsys__bluetooth__controller.a(soc_flash_nrf_ticker.c.obj)
                0x00000000000019f0                nrf_flash_sync_check_time_limit
 .text.prepare_cb
                0x0000000000001a38      0x16c zephyr/subsys/bluetooth/controller/libsubsys__bluetooth__controller.a(lll_adv.c.obj)
 *fill*         0x0000000000001ba4        0x4 
 .text.prepare_cb
                0x0000000000001ba8      0x230 zephyr/subsys/bluetooth/controller/libsubsys__bluetooth__controller.a(lll_peripheral.c.obj)
 .text.pwm_set  0x0000000000001dd8       0x9c zephyr/drivers/led/libdrivers__led.a(led_pwm.c.obj)
 .text.app_events_block_noncritical
                0x0000000000001e74       0x1c app/libapp.a(app_events.c.obj)
                0x0000000000001e74                app_events_block_noncritical
 .text.app_post_event
                0x0000000000001e90       0x50 app/libapp.a(app_events.c.obj)
                0x0000000000001e90                app_post_event
 .text.app_wait_event
                0x0000000000001ee0       0x1c app/libapp.a(app_events.c.obj)
                0x0000000000001ee0                app_wait_event
 .text.app_event_type_name
                0x0000000000001efc       0x18 app/libapp.a(app_events.c.obj)
                0x0000000000001efc                app_event_type_name
 .text.advertising_restart_work_handler
                0x0000000000001f14       0x14 app/libapp.a(app_sm.c.obj)
 .text.change_state
                0x0000000000001f28       0x38 app/libapp.a(app_sm.c.obj)
 .text.on_enter
                0x0000000000001f60      0x124 app/libapp.a(app_sm.c.obj)
 .text.app_sm_thread_fn
                0x0000000000002084      0x450 app/libapp.a(app_sm.c.obj)
 .text.app_sm_init
                0x00000000000024d4        0xc app/libapp.a(app_sm.c.obj)
                0x00000000000024d4                app_sm_init
 .text.app_sm_start
                0x00000000000024e0       0x48 app/libapp.a(app_sm.c.obj)
                0x00000000000024e0                app_sm_start
 .text.nrf_gpio_pin_port_decode
                0x0000000000002528       0x20 app/libapp.a(hog.c.obj)
 .text.nrf_pin_from_dt
                0x0000000000002548       0x1c app/libapp.a(hog.c.obj)
 .text.button_pressed_callback
                0x0000000000002564        0xc app/libapp.a(hog.c.obj)
 .text.inactivity_timeout_handler
                0x0000000000002570       0x18 app/libapp.a(hog.c.obj)
 .text.read_report_map
                0x0000000000002588       0x1c app/libapp.a(hog.c.obj)
 .text.ble_flutter_read_sequences
                0x00000000000025a4       0x20 app/libapp.a(hog.c.obj)
 .text.ble_flutter_read_dump
                0x00000000000025c4       0x1c app/libapp.a(hog.c.obj)
 .text.ble_flutter_read_export
                0x00000000000025e0      0x2e4 app/libapp.a(hog.c.obj)
 .text.ble_flutter_read_info
                0x00000000000028c4       0x6c app/libapp.a(hog.c.obj)
 .text.ble_flutter_write_ctrl
                0x0000000000002930      0x150 app/libapp.a(hog.c.obj)
 .text.battery_update_ble
                0x0000000000002a80      0x178 app/libapp.a(hog.c.obj)
 .text.hardware_scan_encoder
                0x0000000000002bf8       0x40 app/libapp.a(hog.c.obj)
 .text.input_send_encoder_mouse_wheel.constprop.0.isra.0
                0x0000000000002c38       0x80 app/libapp.a(hog.c.obj)
 .text.sequence_thread_fn
                0x0000000000002cb8      0x110 app/libapp.a(hog.c.obj)
 .text.set_backlight
                0x0000000000002dc8       0x8c app/libapp.a(hog.c.obj)
 .text.nrf_gpio_cfg_default
                0x0000000000002e54       0x2c app/libapp.a(hog.c.obj)
 .text.nrf_gpio_cfg_output
                0x0000000000002e80       0x2c app/libapp.a(hog.c.obj)
 .text.hardware_scan_matrix.isra.0
                0x0000000000002eac      0x12c app/libapp.a(hog.c.obj)
 .text.input_send_encoder_key_pulse.constprop.0.isra.0
                0x0000000000002fd8       0x64 app/libapp.a(hog.c.obj)
 .text.inactivity_timer_init
                0x000000000000303c        0xc app/libapp.a(hog.c.obj)
                0x000000000000303c                inactivity_timer_init
 .text.inactivity_timer_reset
                0x0000000000003048       0x4c app/libapp.a(hog.c.obj)
                0x0000000000003048                inactivity_timer_reset
 .text.inactivity_timer_stop
                0x0000000000003094        0xc app/libapp.a(hog.c.obj)
                0x0000000000003094                inactivity_timer_stop
 .text.power_prepare_system_off
                0x00000000000030a0      0x1f8 app/libapp.a(hog.c.obj)
                0x00000000000030a0                power_prepare_system_off
 .text.power_enter_system_off
                0x0000000000003298       0x20 app/libapp.a(hog.c.obj)
                0x0000000000003298                power_enter_system_off
 .text.input_keyboard_pressed_count
                0x00000000000032b8       0x2c app/libapp.a(hog.c.obj)
                0x00000000000032b8                input_keyboard_pressed_count
 .text.input_combo_unpair_condition
                0x00000000000032e4       0x1c app/libapp.a(hog.c.obj)
                0x00000000000032e4                input_combo_unpair_condition
 .text.button_thread_fn
                0x0000000000003300      0x3bc app/libapp.a(hog.c.obj)
 .text.input_combo_unpair_already_done
                0x00000000000036bc        0xc app/libapp.a(hog.c.obj)
                0x00000000000036bc                input_combo_unpair_already_done
 .text.input_combo_unpair_set_done
                0x00000000000036c8        0xc app/libapp.a(hog.c.obj)
                0x00000000000036c8                input_combo_unpair_set_done
 .text.input_scan_set_enabled
                0x00000000000036d4        0xc app/libapp.a(hog.c.obj)
                0x00000000000036d4                input_scan_set_enabled
 .text.hid_send_current_input_state
                0x00000000000036e0      0x17c app/libapp.a(hog.c.obj)
                0x00000000000036e0                hid_send_current_input_state
 .text.input_apply_profile_change
                0x000000000000385c       0x30 app/libapp.a(hog.c.obj)
                0x000000000000385c                input_apply_profile_change
 .text.input_apply_backlight_command
                0x000000000000388c       0x38 app/libapp.a(hog.c.obj)
                0x000000000000388c                input_apply_backlight_command
 .text.input_apply_sleep_timeout
                0x00000000000038c4       0x30 app/libapp.a(hog.c.obj)
                0x00000000000038c4                input_apply_sleep_timeout
 .text.input_execute_sequence
                0x00000000000038f4       0x4c app/libapp.a(hog.c.obj)
                0x00000000000038f4                input_execute_sequence
 .text.handle_local_action.isra.0
                0x0000000000003940       0x9c app/libapp.a(hog.c.obj)
 .text.input_execute_encoder_action
                0x00000000000039dc       0x78 app/libapp.a(hog.c.obj)
                0x00000000000039dc                input_execute_encoder_action
 .text.input_handle_key_pressed
                0x0000000000003a54       0x3c app/libapp.a(hog.c.obj)
                0x0000000000003a54                input_handle_key_pressed
 .text.input_execute_encoder_delta
                0x0000000000003a90       0xa0 app/libapp.a(hog.c.obj)
                0x0000000000003a90                input_execute_encoder_delta
 .text.input_handle_encoder_button_event
                0x0000000000003b30       0x38 app/libapp.a(hog.c.obj)
                0x0000000000003b30                input_handle_encoder_button_event
 .text.input_disable_runtime_interrupts
                0x0000000000003b68       0x2c app/libapp.a(hog.c.obj)
                0x0000000000003b68                input_disable_runtime_interrupts
 .text.input_scan_init
                0x0000000000003b94        0xc app/libapp.a(hog.c.obj)
                0x0000000000003b94                input_scan_init
 .text.hog_button_loop
                0x0000000000003ba0       0x58 app/libapp.a(hog.c.obj)
                0x0000000000003ba0                hog_button_loop
 .text.disconnect_one_conn_for_sleep
                0x0000000000003bf8       0x1c app/libapp.a(main.c.obj)
 .text.disconnect_one_conn_for_clear_bonds
                0x0000000000003c14       0x18 app/libapp.a(main.c.obj)
 .text.ble_settings_save_work_handler
                0x0000000000003c2c       0x18 app/libapp.a(main.c.obj)
 .text.bt_ready
                0x0000000000003c44       0x4c app/libapp.a(main.c.obj)
 .text.bt_addr_le_to_str.constprop.0.isra.0
                0x0000000000003c90       0x78 app/libapp.a(main.c.obj)
 .text.security_changed
                0x0000000000003d08       0x78 app/libapp.a(main.c.obj)
 .text.disconnected
                0x0000000000003d80       0x50 app/libapp.a(main.c.obj)
 .text.connected
                0x0000000000003dd0       0x70 app/libapp.a(main.c.obj)
 .text.ble_app_start_advertising
                0x0000000000003e40       0xc8 app/libapp.a(main.c.obj)
                0x0000000000003e40                ble_app_start_advertising
 .text.ble_app_stop_advertising
                0x0000000000003f08       0x34 app/libapp.a(main.c.obj)
                0x0000000000003f08                ble_app_stop_advertising
 .text.ble_app_active_connections
                0x0000000000003f3c        0xc app/libapp.a(main.c.obj)
                0x0000000000003f3c                ble_app_active_connections
 .text.ble_app_can_send_hid
                0x0000000000003f48       0x18 app/libapp.a(main.c.obj)
                0x0000000000003f48                ble_app_can_send_hid
 .text.ble_app_disconnect_all_for_sleep
                0x0000000000003f60       0x24 app/libapp.a(main.c.obj)
                0x0000000000003f60                ble_app_disconnect_all_for_sleep
 .text.ble_app_clear_bonds
                0x0000000000003f84       0xc4 app/libapp.a(main.c.obj)
                0x0000000000003f84                ble_app_clear_bonds
 .text.main     0x0000000000004048      0x19c app/libapp.a(main.c.obj)
                0x0000000000004048                main
 .text.crc8_ccitt
                0x00000000000041e4       0x2c zephyr/libzephyr.a(crc8_sw.c.obj)
                0x00000000000041e4                crc8_ccitt
 .text.char_out
                0x0000000000004210        0xc zephyr/libzephyr.a(printk.c.obj)
 .text.vprintk  0x000000000000421c       0x30 zephyr/libzephyr.a(printk.c.obj)
                0x000000000000421c                vprintk
 .text.z_thread_entry
                0x000000000000424c       0x34 zephyr/libzephyr.a(thread_entry.c.obj)
                0x000000000000424c                z_thread_entry
 .text.process_event
                0x0000000000004280      0x21c zephyr/libzephyr.a(onoff.c.obj)
 .text.z_arm_platform_init
                0x000000000000449c        0x4 zephyr/libzephyr.a(soc_nrf_common.S.obj)
                0x000000000000449c                z_arm_platform_init
 .text.nvs_recover_last_ate
                0x00000000000044a0       0x64 zephyr/libzephyr.a(nvs.c.obj)
 .text.nvs_mount
                0x0000000000004504      0x2c0 zephyr/libzephyr.a(nvs.c.obj)
                0x0000000000004504                nvs_mount
 .text.nvs_write
                0x00000000000047c4      0x1a4 zephyr/libzephyr.a(nvs.c.obj)
                0x00000000000047c4                nvs_write
 .text.mem_attr_get_regions
                0x0000000000004968        0xc zephyr/libzephyr.a(mem_attr.c.obj)
                0x0000000000004968                mem_attr_get_regions
 .text.flash_area_open
                0x0000000000004974       0x50 zephyr/libzephyr.a(flash_map.c.obj)
                0x0000000000004974                flash_area_open
 .text.flash_area_get_sectors
                0x00000000000049c4       0x60 zephyr/libzephyr.a(flash_map_layout.c.obj)
                0x00000000000049c4                flash_area_get_sectors
 .text.read_pnp_id
                0x0000000000004a24       0x1c zephyr/libzephyr.a(dis.c.obj)
 .text.read_blvl
                0x0000000000004a40       0x28 zephyr/libzephyr.a(bas.c.obj)
 .text.bt_bas_set_battery_level
                0x0000000000004a68       0x50 zephyr/libzephyr.a(bas.c.obj)
                0x0000000000004a68                bt_bas_set_battery_level
 .text.settings_save_one
                0x0000000000004ab8       0x4c zephyr/libzephyr.a(settings_store.c.obj)
                0x0000000000004ab8                settings_save_one
 .text.settings_src_register
                0x0000000000004b04       0x1c zephyr/libzephyr.a(settings_store.c.obj)
                0x0000000000004b04                settings_src_register
 .text.settings_dst_register
                0x0000000000004b20        0xc zephyr/libzephyr.a(settings_store.c.obj)
                0x0000000000004b20                settings_dst_register
 .text.settings_load_subtree
                0x0000000000004b2c       0x4c zephyr/libzephyr.a(settings_store.c.obj)
                0x0000000000004b2c                settings_load_subtree
 .text.settings_load_subtree_direct
                0x0000000000004b78       0x40 zephyr/libzephyr.a(settings_store.c.obj)
                0x0000000000004b78                settings_load_subtree_direct
 .text.settings_save
                0x0000000000004bb8       0x80 zephyr/libzephyr.a(settings_store.c.obj)
                0x0000000000004bb8                settings_save
 .text.settings_store_init
                0x0000000000004c38       0x10 zephyr/libzephyr.a(settings_store.c.obj)
                0x0000000000004c38                settings_store_init
 .text.settings_init
                0x0000000000004c48       0x10 zephyr/libzephyr.a(settings.c.obj)
                0x0000000000004c48                settings_init
 .text.settings_parse_and_lookup
                0x0000000000004c58       0x98 zephyr/libzephyr.a(settings.c.obj)
                0x0000000000004c58                settings_parse_and_lookup
 .text.settings_commit_subtree
                0x0000000000004cf0       0x70 zephyr/libzephyr.a(settings.c.obj)
                0x0000000000004cf0                settings_commit_subtree
 .text.settings_subsys_init
                0x0000000000004d60       0x3c zephyr/libzephyr.a(settings_init.c.obj)
                0x0000000000004d60                settings_subsys_init
 .text.settings_nvs_load
                0x0000000000004d9c       0xbc zephyr/libzephyr.a(settings_nvs.c.obj)
 .text.settings_backend_init
                0x0000000000004e58       0x84 zephyr/libzephyr.a(settings_nvs.c.obj)
                0x0000000000004e58                settings_backend_init
 .text.uECC_get_rng
                0x0000000000004edc        0xc zephyr/libzephyr.a(ecc.c.obj)
                0x0000000000004edc                uECC_get_rng
 .text.vli_mmod_fast_secp256r1
                0x0000000000004ee8      0x184 zephyr/libzephyr.a(ecc.c.obj)
                0x0000000000004ee8                vli_mmod_fast_secp256r1
 .text.sub_bytes
                0x000000000000506c       0x18 zephyr/libzephyr.a(aes_encrypt.c.obj)
 .text.tc_aes128_set_encrypt_key
                0x0000000000005084       0xa4 zephyr/libzephyr.a(aes_encrypt.c.obj)
                0x0000000000005084                tc_aes128_set_encrypt_key
 .text.z_SysNmiOnReset
                0x0000000000005128        0x8 zephyr/arch/arch/arm/core/libarch__arm__core.a(nmi_on_reset.S.obj)
                0x0000000000005128                z_SysNmiOnReset
 .text.arch_tls_stack_setup
                0x0000000000005130       0x5c zephyr/arch/arch/arm/core/libarch__arm__core.a(tls.c.obj)
                0x0000000000005130                arch_tls_stack_setup
 .text._HandlerModeExit
                0x000000000000518c       0x1c zephyr/arch/arch/arm/core/cortex_m/libarch__arm__core__cortex_m.a(exc_exit.S.obj)
                0x000000000000518c                z_arm_exc_exit
                0x000000000000518c                z_arm_int_exit
 .text.mem_manage_fault
                0x00000000000051a8       0xa0 zephyr/arch/arch/arm/core/cortex_m/libarch__arm__core__cortex_m.a(fault.c.obj)
 .text.usage_fault.constprop.0
                0x0000000000005248       0x54 zephyr/arch/arch/arm/core/cortex_m/libarch__arm__core__cortex_m.a(fault.c.obj)
 .text.bus_fault.constprop.0
                0x000000000000529c       0x6c zephyr/arch/arch/arm/core/cortex_m/libarch__arm__core__cortex_m.a(fault.c.obj)
 .text.z_arm_fault
                0x0000000000005308      0x128 zephyr/arch/arch/arm/core/cortex_m/libarch__arm__core__cortex_m.a(fault.c.obj)
                0x0000000000005308                z_arm_fault
 .text.z_arm_fault_init
                0x0000000000005430       0x10 zephyr/arch/arch/arm/core/cortex_m/libarch__arm__core__cortex_m.a(fault.c.obj)
                0x0000000000005430                z_arm_fault_init
 .text.__fault  0x0000000000005440       0x14 zephyr/arch/arch/arm/core/cortex_m/libarch__arm__core__cortex_m.a(fault_s.S.obj)
                0x0000000000005440                z_arm_bus_fault
                0x0000000000005440                z_arm_usage_fault
                0x0000000000005440                z_arm_mpu_fault
                0x0000000000005440                z_arm_exc_spurious
                0x0000000000005440                z_arm_debug_monitor
                0x0000000000005440                z_arm_hard_fault
 .text.z_arm_interrupt_init
                0x0000000000005454       0x18 zephyr/arch/arch/arm/core/cortex_m/libarch__arm__core__cortex_m.a(irq_init.c.obj)
                0x0000000000005454                z_arm_interrupt_init
 .text._reset_section
                0x000000000000546c       0x30 zephyr/arch/arch/arm/core/cortex_m/libarch__arm__core__cortex_m.a(reset.S.obj)
                0x000000000000546c                z_arm_reset
                0x000000000000546c                __start
 .text.z_impl_k_thread_abort
                0x000000000000549c       0x2c zephyr/arch/arch/arm/core/cortex_m/libarch__arm__core__cortex_m.a(thread_abort.c.obj)
                0x000000000000549c                z_impl_k_thread_abort
 .text.arch_swap
                0x00000000000054c8       0x34 zephyr/arch/arch/arm/core/cortex_m/libarch__arm__core__cortex_m.a(swap.c.obj)
                0x00000000000054c8                arch_swap
 .text.z_arm_pendsv
                0x00000000000054fc       0x64 zephyr/arch/arch/arm/core/cortex_m/libarch__arm__core__cortex_m.a(swap_helper.S.obj)
                0x00000000000054fc                z_arm_pendsv
 .text.z_arm_svc
                0x0000000000005560       0x20 zephyr/arch/arch/arm/core/cortex_m/libarch__arm__core__cortex_m.a(swap_helper.S.obj)
                0x0000000000005560                z_arm_svc
 .text.arch_irq_enable
                0x0000000000005580       0x1c zephyr/arch/arch/arm/core/cortex_m/libarch__arm__core__cortex_m.a(irq_manage.c.obj)
                0x0000000000005580                arch_irq_enable
 .text.arch_irq_disable
                0x000000000000559c       0x28 zephyr/arch/arch/arm/core/cortex_m/libarch__arm__core__cortex_m.a(irq_manage.c.obj)
                0x000000000000559c                arch_irq_disable
 .text.arch_irq_is_enabled
                0x00000000000055c4       0x1c zephyr/arch/arch/arm/core/cortex_m/libarch__arm__core__cortex_m.a(irq_manage.c.obj)
                0x00000000000055c4                arch_irq_is_enabled
 .text.z_arm_irq_priority_set
                0x00000000000055e0       0x30 zephyr/arch/arch/arm/core/cortex_m/libarch__arm__core__cortex_m.a(irq_manage.c.obj)
                0x00000000000055e0                z_arm_irq_priority_set
 .text.z_arm_prep_c
                0x0000000000005610       0x48 zephyr/arch/arch/arm/core/cortex_m/libarch__arm__core__cortex_m.a(prep_c.c.obj)
                0x0000000000005610                z_arm_prep_c
 .text.arch_new_thread
                0x0000000000005658       0x38 zephyr/arch/arch/arm/core/cortex_m/libarch__arm__core__cortex_m.a(thread.c.obj)
                0x0000000000005658                arch_new_thread
 .text.z_check_thread_stack_fail
                0x0000000000005690       0x2c zephyr/arch/arch/arm/core/cortex_m/libarch__arm__core__cortex_m.a(thread.c.obj)
                0x0000000000005690                z_check_thread_stack_fail
 .text.arch_switch_to_main_thread
                0x00000000000056bc       0x38 zephyr/arch/arch/arm/core/cortex_m/libarch__arm__core__cortex_m.a(thread.c.obj)
                0x00000000000056bc                arch_switch_to_main_thread
 .text.z_arm_cpu_idle_init
                0x00000000000056f4        0xc zephyr/arch/arch/arm/core/cortex_m/libarch__arm__core__cortex_m.a(cpu_idle.S.obj)
                0x00000000000056f4                z_arm_cpu_idle_init
 .text.arch_cpu_idle
                0x0000000000005700       0x1c zephyr/arch/arch/arm/core/cortex_m/libarch__arm__core__cortex_m.a(cpu_idle.S.obj)
                0x0000000000005700                arch_cpu_idle
 .text.arch_cpu_atomic_idle
                0x000000000000571c       0x18 zephyr/arch/arch/arm/core/cortex_m/libarch__arm__core__cortex_m.a(cpu_idle.S.obj)
                0x000000000000571c                arch_cpu_atomic_idle
 .text._isr_wrapper
                0x0000000000005734       0x28 zephyr/arch/arch/arm/core/cortex_m/libarch__arm__core__cortex_m.a(isr_wrapper.S.obj)
                0x0000000000005734                _isr_wrapper
 .text.z_arm_configure_static_mpu_regions
                0x000000000000575c       0x18 zephyr/arch/arch/arm/core/mpu/libarch__arm__core__mpu.a(arm_core_mpu.c.obj)
                0x000000000000575c                z_arm_configure_static_mpu_regions
 .text.z_arm_configure_dynamic_mpu_regions
                0x0000000000005774       0x20 zephyr/arch/arch/arm/core/mpu/libarch__arm__core__mpu.a(arm_core_mpu.c.obj)
                0x0000000000005774                z_arm_configure_dynamic_mpu_regions
 .text.region_init
                0x0000000000005794       0x28 zephyr/arch/arch/arm/core/mpu/libarch__arm__core__mpu.a(arm_mpu.c.obj)
 .text.arm_core_mpu_enable
                0x00000000000057bc       0x18 zephyr/arch/arch/arm/core/mpu/libarch__arm__core__mpu.a(arm_mpu.c.obj)
                0x00000000000057bc                arm_core_mpu_enable
 .text.arm_core_mpu_disable
                0x00000000000057d4       0x14 zephyr/arch/arch/arm/core/mpu/libarch__arm__core__mpu.a(arm_mpu.c.obj)
                0x00000000000057d4                arm_core_mpu_disable
 .text.arm_core_mpu_configure_static_mpu_regions
                0x00000000000057e8       0x14 zephyr/arch/arch/arm/core/mpu/libarch__arm__core__mpu.a(arm_mpu.c.obj)
                0x00000000000057e8                arm_core_mpu_configure_static_mpu_regions
 .text.arm_core_mpu_configure_dynamic_mpu_regions
                0x00000000000057fc       0x30 zephyr/arch/arch/arm/core/mpu/libarch__arm__core__mpu.a(arm_mpu.c.obj)
                0x00000000000057fc                arm_core_mpu_configure_dynamic_mpu_regions
 .text.z_arm_mpu_init
                0x000000000000582c      0x124 zephyr/arch/arch/arm/core/mpu/libarch__arm__core__mpu.a(arm_mpu.c.obj)
                0x000000000000582c                z_arm_mpu_init
 .text.__chk_fail
                0x0000000000005950       0x18 zephyr/lib/libc/picolibc/liblib__libc__picolibc.a(libc-hooks.c.obj)
                0x0000000000005950                __chk_fail
 .text.malloc_prepare
                0x0000000000005968       0x24 zephyr/lib/libc/common/liblib__libc__common.a(malloc.c.obj)
 .text.nordicsemi_nrf52_init
                0x000000000000598c       0x44 zephyr/soc/soc/arm/nordic_nrf/nrf52/libsoc__arm__nordic_nrf__nrf52.a(soc.c.obj)
 .text.arch_busy_wait
                0x00000000000059d0       0x14 zephyr/soc/soc/arm/nordic_nrf/nrf52/libsoc__arm__nordic_nrf__nrf52.a(soc.c.obj)
                0x00000000000059d0                arch_busy_wait
 .text.xoshiro128_next
                0x00000000000059e4       0x38 zephyr/subsys/random/libsubsys__random.a(rand32_xoshiro128.c.obj)
 .text.xoshiro128_init_state
                0x0000000000005a1c       0x58 zephyr/subsys/random/libsubsys__random.a(rand32_xoshiro128.c.obj)
 .text.xoshiro128_initialize
                0x0000000000005a74       0x18 zephyr/subsys/random/libsubsys__random.a(rand32_xoshiro128.c.obj)
 .text.z_impl_sys_rand32_get
                0x0000000000005a8c       0x18 zephyr/subsys/random/libsubsys__random.a(rand32_xoshiro128.c.obj)
                0x0000000000005a8c                z_impl_sys_rand32_get
 .text.ecc_process
                0x0000000000005aa4      0x17c zephyr/subsys/bluetooth/host/libsubsys__bluetooth__host.a(hci_ecc.c.obj)
 .text.le_gen_dhkey
                0x0000000000005c20       0x98 zephyr/subsys/bluetooth/host/libsubsys__bluetooth__host.a(hci_ecc.c.obj)
 .text.bt_hci_ecc_send
                0x0000000000005cb8       0xdc zephyr/subsys/bluetooth/host/libsubsys__bluetooth__host.a(hci_ecc.c.obj)
                0x0000000000005cb8                bt_hci_ecc_send
 .text.set_setting
                0x0000000000005d94       0x7c zephyr/subsys/bluetooth/host/libsubsys__bluetooth__host.a(settings.c.obj)
 .text.bt_settings_encode_key
                0x0000000000005e10       0x60 zephyr/subsys/bluetooth/host/libsubsys__bluetooth__host.a(settings.c.obj)
                0x0000000000005e10                bt_settings_encode_key
 .text.bt_settings_store
                0x0000000000005e70       0x50 zephyr/subsys/bluetooth/host/libsubsys__bluetooth__host.a(settings.c.obj)
                0x0000000000005e70                bt_settings_store
 .text.do_store_id
                0x0000000000005ec0       0x24 zephyr/subsys/bluetooth/host/libsubsys__bluetooth__host.a(settings.c.obj)
 .text.bt_settings_delete
                0x0000000000005ee4       0x4c zephyr/subsys/bluetooth/host/libsubsys__bluetooth__host.a(settings.c.obj)
                0x0000000000005ee4                bt_settings_delete
 .text.bt_settings_store_sc
                0x0000000000005f30       0x1c zephyr/subsys/bluetooth/host/libsubsys__bluetooth__host.a(settings.c.obj)
                0x0000000000005f30                bt_settings_store_sc
 .text.bt_settings_delete_sc
                0x0000000000005f4c       0x10 zephyr/subsys/bluetooth/host/libsubsys__bluetooth__host.a(settings.c.obj)
                0x0000000000005f4c                bt_settings_delete_sc
 .text.bt_settings_store_cf
                0x0000000000005f5c       0x1c zephyr/subsys/bluetooth/host/libsubsys__bluetooth__host.a(settings.c.obj)
                0x0000000000005f5c                bt_settings_store_cf
 .text.bt_settings_store_ccc
                0x0000000000005f78       0x1c zephyr/subsys/bluetooth/host/libsubsys__bluetooth__host.a(settings.c.obj)
                0x0000000000005f78                bt_settings_store_ccc
 .text.bt_settings_delete_ccc
                0x0000000000005f94       0x10 zephyr/subsys/bluetooth/host/libsubsys__bluetooth__host.a(settings.c.obj)
                0x0000000000005f94                bt_settings_delete_ccc
 .text.bt_settings_store_hash
                0x0000000000005fa4       0x1c zephyr/subsys/bluetooth/host/libsubsys__bluetooth__host.a(settings.c.obj)
                0x0000000000005fa4                bt_settings_store_hash
 .text.bt_settings_store_id
                0x0000000000005fc0       0x10 zephyr/subsys/bluetooth/host/libsubsys__bluetooth__host.a(settings.c.obj)
                0x0000000000005fc0                bt_settings_store_id
 .text.commit_settings
                0x0000000000005fd0       0x70 zephyr/subsys/bluetooth/host/libsubsys__bluetooth__host.a(settings.c.obj)
 .text.bt_settings_store_keys
                0x0000000000006040       0x1c zephyr/subsys/bluetooth/host/libsubsys__bluetooth__host.a(settings.c.obj)
                0x0000000000006040                bt_settings_store_keys
 .text.bt_settings_delete_keys
                0x000000000000605c       0x10 zephyr/subsys/bluetooth/host/libsubsys__bluetooth__host.a(settings.c.obj)
                0x000000000000605c                bt_settings_delete_keys
 .text.long_wq_init
                0x000000000000606c       0x38 zephyr/subsys/bluetooth/host/libsubsys__bluetooth__host.a(long_wq.c.obj)
 .text.bt_long_wq_schedule
                0x00000000000060a4        0xc zephyr/subsys/bluetooth/host/libsubsys__bluetooth__host.a(long_wq.c.obj)
                0x00000000000060a4                bt_long_wq_schedule
 .text.bt_long_wq_submit
                0x00000000000060b0        0xc zephyr/subsys/bluetooth/host/libsubsys__bluetooth__host.a(long_wq.c.obj)
                0x00000000000060b0                bt_long_wq_submit
 .text.uuid_to_uuid128
                0x00000000000060bc       0x78 zephyr/subsys/bluetooth/host/libsubsys__bluetooth__host.a(uuid.c.obj)
 .text.bt_buf_get_rx
                0x0000000000006134       0x20 zephyr/subsys/bluetooth/host/libsubsys__bluetooth__host.a(buf.c.obj)
                0x0000000000006134                bt_buf_get_rx
 .text.bt_buf_get_cmd_complete
                0x0000000000006154       0x40 zephyr/subsys/bluetooth/host/libsubsys__bluetooth__host.a(buf.c.obj)
                0x0000000000006154                bt_buf_get_cmd_complete
 .text.bt_buf_get_evt
                0x0000000000006194       0x58 zephyr/subsys/bluetooth/host/libsubsys__bluetooth__host.a(buf.c.obj)
                0x0000000000006194                bt_buf_get_evt
 .text.unpair   0x00000000000061ec       0x8c zephyr/subsys/bluetooth/host/libsubsys__bluetooth__host.a(hci_core.c.obj)
 .text.hci_disconn_complete_prio
                0x0000000000006278       0x48 zephyr/subsys/bluetooth/host/libsubsys__bluetooth__host.a(hci_core.c.obj)
 .text.find_pending_connect.part.0
                0x00000000000062c0       0x2c zephyr/subsys/bluetooth/host/libsubsys__bluetooth__host.a(hci_core.c.obj)
 .text.hci_le_meta_event
                0x00000000000062ec       0x20 zephyr/subsys/bluetooth/host/libsubsys__bluetooth__host.a(hci_core.c.obj)
 .text.hci_cmd_done
                0x000000000000630c       0xbc zephyr/subsys/bluetooth/host/libsubsys__bluetooth__host.a(hci_core.c.obj)
 .text.hci_cmd_status
                0x00000000000063c8       0x2c zephyr/subsys/bluetooth/host/libsubsys__bluetooth__host.a(hci_core.c.obj)
 .text.hci_cmd_complete
                0x00000000000063f4       0x30 zephyr/subsys/bluetooth/host/libsubsys__bluetooth__host.a(hci_core.c.obj)
 .text.hci_tx_thread
                0x0000000000006424      0x11c zephyr/subsys/bluetooth/host/libsubsys__bluetooth__host.a(hci_core.c.obj)
 .text.bt_hci_cmd_state_set_init
                0x0000000000006540       0x24 zephyr/subsys/bluetooth/host/libsubsys__bluetooth__host.a(hci_core.c.obj)
                0x0000000000006540                bt_hci_cmd_state_set_init
 .text.bt_hci_cmd_create
                0x0000000000006564       0x74 zephyr/subsys/bluetooth/host/libsubsys__bluetooth__host.a(hci_core.c.obj)
                0x0000000000006564                bt_hci_cmd_create
 .text.bt_hci_cmd_send
                0x00000000000065d8       0x44 zephyr/subsys/bluetooth/host/libsubsys__bluetooth__host.a(hci_core.c.obj)
                0x00000000000065d8                bt_hci_cmd_send
 .text.bt_hci_cmd_send_sync
                0x000000000000661c       0xd8 zephyr/subsys/bluetooth/host/libsubsys__bluetooth__host.a(hci_core.c.obj)
                0x000000000000661c                bt_hci_cmd_send_sync
 .text.bt_hci_le_rand
                0x00000000000066f4       0x58 zephyr/subsys/bluetooth/host/libsubsys__bluetooth__host.a(hci_core.c.obj)
                0x00000000000066f4                bt_hci_le_rand
 .text.bt_hci_le_enh_conn_complete
                0x000000000000674c      0x1ec zephyr/subsys/bluetooth/host/libsubsys__bluetooth__host.a(hci_core.c.obj)
                0x000000000000674c                bt_hci_le_enh_conn_complete
 .text.le_legacy_conn_complete
                0x0000000000006938       0x64 zephyr/subsys/bluetooth/host/libsubsys__bluetooth__host.a(hci_core.c.obj)
 .text.bt_unpair
                0x000000000000699c       0x44 zephyr/subsys/bluetooth/host/libsubsys__bluetooth__host.a(hci_core.c.obj)
                0x000000000000699c                bt_unpair
 .text.bt_security_err_get
                0x00000000000069e0       0x10 zephyr/subsys/bluetooth/host/libsubsys__bluetooth__host.a(hci_core.c.obj)
                0x00000000000069e0                bt_security_err_get
 .text.hci_event_prio
                0x00000000000069f0       0x88 zephyr/subsys/bluetooth/host/libsubsys__bluetooth__host.a(hci_core.c.obj)
                0x00000000000069f0                hci_event_prio
 .text.bt_recv  0x0000000000006a78       0xc8 zephyr/subsys/bluetooth/host/libsubsys__bluetooth__host.a(hci_core.c.obj)
                0x0000000000006a78                bt_recv
 .text.bt_recv_prio
                0x0000000000006b40       0x3c zephyr/subsys/bluetooth/host/libsubsys__bluetooth__host.a(hci_core.c.obj)
                0x0000000000006b40                bt_recv_prio
 .text.bt_hci_driver_register
                0x0000000000006b7c       0x28 zephyr/subsys/bluetooth/host/libsubsys__bluetooth__host.a(hci_core.c.obj)
                0x0000000000006b7c                bt_hci_driver_register
 .text.bt_finalize_init
                0x0000000000006ba4        0xc zephyr/subsys/bluetooth/host/libsubsys__bluetooth__host.a(hci_core.c.obj)
                0x0000000000006ba4                bt_finalize_init
 .text.init_work
                0x0000000000006bb0       0x18 zephyr/subsys/bluetooth/host/libsubsys__bluetooth__host.a(hci_core.c.obj)
 .text.bt_enable
                0x0000000000006bc8       0xbc zephyr/subsys/bluetooth/host/libsubsys__bluetooth__host.a(hci_core.c.obj)
                0x0000000000006bc8                bt_enable
 .text.bt_is_ready
                0x0000000000006c84       0x18 zephyr/subsys/bluetooth/host/libsubsys__bluetooth__host.a(hci_core.c.obj)
                0x0000000000006c84                bt_is_ready
 .text.bt_get_name
                0x0000000000006c9c        0x8 zephyr/subsys/bluetooth/host/libsubsys__bluetooth__host.a(hci_core.c.obj)
                0x0000000000006c9c                bt_get_name
 .text.id_find  0x0000000000006ca4       0x30 zephyr/subsys/bluetooth/host/libsubsys__bluetooth__host.a(id.c.obj)
 .text.id_create.constprop.0
                0x0000000000006cd4       0x70 zephyr/subsys/bluetooth/host/libsubsys__bluetooth__host.a(id.c.obj)
 .text.set_random_address
                0x0000000000006d44       0x50 zephyr/subsys/bluetooth/host/libsubsys__bluetooth__host.a(id.c.obj)
 .text.bt_id_pending_keys_update
                0x0000000000006d94       0x34 zephyr/subsys/bluetooth/host/libsubsys__bluetooth__host.a(id.c.obj)
                0x0000000000006d94                bt_id_pending_keys_update
 .text.bt_id_find_conflict
                0x0000000000006dc8       0x20 zephyr/subsys/bluetooth/host/libsubsys__bluetooth__host.a(id.c.obj)
                0x0000000000006dc8                bt_id_find_conflict
 .text.bt_id_add
                0x0000000000006de8      0x12c zephyr/subsys/bluetooth/host/libsubsys__bluetooth__host.a(id.c.obj)
                0x0000000000006de8                bt_id_add
 .text.bt_id_del
                0x0000000000006f14      0x10c zephyr/subsys/bluetooth/host/libsubsys__bluetooth__host.a(id.c.obj)
                0x0000000000006f14                bt_id_del
 .text.bt_id_create
                0x0000000000007020       0x88 zephyr/subsys/bluetooth/host/libsubsys__bluetooth__host.a(id.c.obj)
                0x0000000000007020                bt_id_create
 .text.bt_id_read_public_addr
                0x00000000000070a8       0x5c zephyr/subsys/bluetooth/host/libsubsys__bluetooth__host.a(id.c.obj)
                0x00000000000070a8                bt_id_read_public_addr
 .text.bt_setup_public_id_addr
                0x0000000000007104       0x20 zephyr/subsys/bluetooth/host/libsubsys__bluetooth__host.a(id.c.obj)
                0x0000000000007104                bt_setup_public_id_addr
 .text.bt_read_static_addr
                0x0000000000007124       0x68 zephyr/subsys/bluetooth/host/libsubsys__bluetooth__host.a(id.c.obj)
                0x0000000000007124                bt_read_static_addr
 .text.bt_setup_random_id_addr
                0x000000000000718c       0x5c zephyr/subsys/bluetooth/host/libsubsys__bluetooth__host.a(id.c.obj)
                0x000000000000718c                bt_setup_random_id_addr
 .text.bt_id_set_adv_own_addr
                0x00000000000071e8       0xc0 zephyr/subsys/bluetooth/host/libsubsys__bluetooth__host.a(id.c.obj)
                0x00000000000071e8                bt_id_set_adv_own_addr
 .text.valid_adv_param
                0x00000000000072a8       0x84 zephyr/subsys/bluetooth/host/libsubsys__bluetooth__host.a(adv.c.obj)
 .text.adv_is_directed
                0x000000000000732c       0x18 zephyr/subsys/bluetooth/host/libsubsys__bluetooth__host.a(adv.c.obj)
 .text.le_adv_start_add_conn
                0x0000000000007344       0x60 zephyr/subsys/bluetooth/host/libsubsys__bluetooth__host.a(adv.c.obj)
 .text.bt_le_ext_adv_foreach
                0x00000000000073a4        0xc zephyr/subsys/bluetooth/host/libsubsys__bluetooth__host.a(adv.c.obj)
                0x00000000000073a4                bt_le_ext_adv_foreach
 .text.bt_le_adv_lookup_legacy
                0x00000000000073b0        0x8 zephyr/subsys/bluetooth/host/libsubsys__bluetooth__host.a(adv.c.obj)
                0x00000000000073b0                bt_le_adv_lookup_legacy
 .text.bt_le_adv_start_legacy
                0x00000000000073b8      0x248 zephyr/subsys/bluetooth/host/libsubsys__bluetooth__host.a(adv.c.obj)
                0x00000000000073b8                bt_le_adv_start_legacy
 .text.bt_le_adv_start
                0x0000000000007600       0x64 zephyr/subsys/bluetooth/host/libsubsys__bluetooth__host.a(adv.c.obj)
                0x0000000000007600                bt_le_adv_start
 .text.bt_le_adv_stop
                0x0000000000007664       0x78 zephyr/subsys/bluetooth/host/libsubsys__bluetooth__host.a(adv.c.obj)
                0x0000000000007664                bt_le_adv_stop
 .text.bt_le_adv_resume
                0x00000000000076dc       0xd4 zephyr/subsys/bluetooth/host/libsubsys__bluetooth__host.a(adv.c.obj)
                0x00000000000076dc                bt_le_adv_resume
 .text.bt_pub_key_is_debug
                0x00000000000077b0       0x18 zephyr/subsys/bluetooth/host/libsubsys__bluetooth__host.a(ecc.c.obj)
                0x00000000000077b0                bt_pub_key_is_debug
 .text.bt_pub_key_gen
                0x00000000000077c8       0xd4 zephyr/subsys/bluetooth/host/libsubsys__bluetooth__host.a(ecc.c.obj)
                0x00000000000077c8                bt_pub_key_gen
 .text.bt_pub_key_get
                0x000000000000789c       0x20 zephyr/subsys/bluetooth/host/libsubsys__bluetooth__host.a(ecc.c.obj)
                0x000000000000789c                bt_pub_key_get
 .text.bt_dh_key_gen
                0x00000000000078bc       0x8c zephyr/subsys/bluetooth/host/libsubsys__bluetooth__host.a(ecc.c.obj)
                0x00000000000078bc                bt_dh_key_gen
 .text.bt_hci_evt_le_pkey_complete
                0x0000000000007948       0x84 zephyr/subsys/bluetooth/host/libsubsys__bluetooth__host.a(ecc.c.obj)
                0x0000000000007948                bt_hci_evt_le_pkey_complete
 .text.bt_hci_evt_le_dhkey_complete
                0x00000000000079cc       0x1c zephyr/subsys/bluetooth/host/libsubsys__bluetooth__host.a(ecc.c.obj)
                0x00000000000079cc                bt_hci_evt_le_dhkey_complete
 .text.notify_connected
                0x00000000000079e8       0x3c zephyr/subsys/bluetooth/host/libsubsys__bluetooth__host.a(conn.c.obj)
 .text.tx_notify
                0x0000000000007a24       0x60 zephyr/subsys/bluetooth/host/libsubsys__bluetooth__host.a(conn.c.obj)
 .text.conn_tx_destroy
                0x0000000000007a84       0x2c zephyr/subsys/bluetooth/host/libsubsys__bluetooth__host.a(conn.c.obj)
 .text.send_frag
                0x0000000000007ab0      0x164 zephyr/subsys/bluetooth/host/libsubsys__bluetooth__host.a(conn.c.obj)
 .text.bt_conn_get_pkts
                0x0000000000007c14       0x18 zephyr/subsys/bluetooth/host/libsubsys__bluetooth__host.a(conn.c.obj)
                0x0000000000007c14                bt_conn_get_pkts
 .text.bt_conn_new
                0x0000000000007c2c       0x64 zephyr/subsys/bluetooth/host/libsubsys__bluetooth__host.a(conn.c.obj)
                0x0000000000007c2c                bt_conn_new
 .text.bt_conn_send_cb
                0x0000000000007c90       0x90 zephyr/subsys/bluetooth/host/libsubsys__bluetooth__host.a(conn.c.obj)
                0x0000000000007c90                bt_conn_send_cb
 .text.bt_conn_prepare_events
                0x0000000000007d20       0xa8 zephyr/subsys/bluetooth/host/libsubsys__bluetooth__host.a(conn.c.obj)
                0x0000000000007d20                bt_conn_prepare_events
 .text.bt_conn_set_state
                0x0000000000007dc8      0x184 zephyr/subsys/bluetooth/host/libsubsys__bluetooth__host.a(conn.c.obj)
                0x0000000000007dc8                bt_conn_set_state
 .text.bt_conn_lookup_handle
                0x0000000000007f4c       0x28 zephyr/subsys/bluetooth/host/libsubsys__bluetooth__host.a(conn.c.obj)
                0x0000000000007f4c                bt_conn_lookup_handle
 .text.bt_conn_foreach
                0x0000000000007f74       0x40 zephyr/subsys/bluetooth/host/libsubsys__bluetooth__host.a(conn.c.obj)
                0x0000000000007f74                bt_conn_foreach
 .text.bt_conn_index
                0x0000000000007fb4       0x18 zephyr/subsys/bluetooth/host/libsubsys__bluetooth__host.a(conn.c.obj)
                0x0000000000007fb4                bt_conn_index
 .text.bt_conn_create_pdu_timeout
                0x0000000000007fcc       0x24 zephyr/subsys/bluetooth/host/libsubsys__bluetooth__host.a(conn.c.obj)
                0x0000000000007fcc                bt_conn_create_pdu_timeout
 .text.notify_le_param_updated
                0x0000000000007ff0       0x88 zephyr/subsys/bluetooth/host/libsubsys__bluetooth__host.a(conn.c.obj)
                0x0000000000007ff0                notify_le_param_updated
 .text.notify_le_data_len_updated
                0x0000000000008078       0x44 zephyr/subsys/bluetooth/host/libsubsys__bluetooth__host.a(conn.c.obj)
                0x0000000000008078                notify_le_data_len_updated
 .text.le_param_req
                0x00000000000080bc       0x74 zephyr/subsys/bluetooth/host/libsubsys__bluetooth__host.a(conn.c.obj)
                0x00000000000080bc                le_param_req
 .text.bt_conn_identity_resolved
                0x0000000000008130       0x5c zephyr/subsys/bluetooth/host/libsubsys__bluetooth__host.a(conn.c.obj)
                0x0000000000008130                bt_conn_identity_resolved
 .text.bt_conn_security_changed
                0x000000000000818c       0x68 zephyr/subsys/bluetooth/host/libsubsys__bluetooth__host.a(conn.c.obj)
                0x000000000000818c                bt_conn_security_changed
 .text.bt_conn_cb_register
                0x00000000000081f4       0x10 zephyr/subsys/bluetooth/host/libsubsys__bluetooth__host.a(conn.c.obj)
                0x00000000000081f4                bt_conn_cb_register
 .text.bt_conn_add_le
                0x0000000000008204       0x3c zephyr/subsys/bluetooth/host/libsubsys__bluetooth__host.a(conn.c.obj)
                0x0000000000008204                bt_conn_add_le
 .text.bt_conn_lookup_addr_le
                0x0000000000008240       0x48 zephyr/subsys/bluetooth/host/libsubsys__bluetooth__host.a(conn.c.obj)
                0x0000000000008240                bt_conn_lookup_addr_le
 .text.bt_conn_lookup_state_le
                0x0000000000008288       0x5c zephyr/subsys/bluetooth/host/libsubsys__bluetooth__host.a(conn.c.obj)
                0x0000000000008288                bt_conn_lookup_state_le
 .text.send_conn_le_param_update
                0x00000000000082e4       0x6c zephyr/subsys/bluetooth/host/libsubsys__bluetooth__host.a(conn.c.obj)
 .text.deferred_work
                0x0000000000008350       0xe0 zephyr/subsys/bluetooth/host/libsubsys__bluetooth__host.a(conn.c.obj)
 .text.bt_conn_create_frag_timeout
                0x0000000000008430        0xc zephyr/subsys/bluetooth/host/libsubsys__bluetooth__host.a(conn.c.obj)
                0x0000000000008430                bt_conn_create_frag_timeout
 .text.bt_conn_process_tx
                0x000000000000843c      0x114 zephyr/subsys/bluetooth/host/libsubsys__bluetooth__host.a(conn.c.obj)
                0x000000000000843c                bt_conn_process_tx
 .text.bt_conn_auth_info_cb_register
                0x0000000000008550       0x28 zephyr/subsys/bluetooth/host/libsubsys__bluetooth__host.a(conn.c.obj)
                0x0000000000008550                bt_conn_auth_info_cb_register
 .text.bt_conn_init
                0x0000000000008578       0x44 zephyr/subsys/bluetooth/host/libsubsys__bluetooth__host.a(conn.c.obj)
                0x0000000000008578                bt_conn_init
 .text.l2cap_accept
                0x00000000000085bc       0x34 zephyr/subsys/bluetooth/host/libsubsys__bluetooth__host.a(l2cap.c.obj)
 .text.bt_l2cap_connected
                0x00000000000085f0       0x9c zephyr/subsys/bluetooth/host/libsubsys__bluetooth__host.a(l2cap.c.obj)
                0x00000000000085f0                bt_l2cap_connected
 .text.bt_l2cap_update_conn_param
                0x000000000000868c       0x64 zephyr/subsys/bluetooth/host/libsubsys__bluetooth__host.a(l2cap.c.obj)
                0x000000000000868c                bt_l2cap_update_conn_param
 .text.att_op_get_type
                0x00000000000086f0       0x74 zephyr/subsys/bluetooth/host/libsubsys__bluetooth__host.a(att.c.obj)
 .text.bt_att_released
                0x0000000000008764        0xc zephyr/subsys/bluetooth/host/libsubsys__bluetooth__host.a(att.c.obj)
 .text.tx_meta_data_free
                0x0000000000008770       0x3c zephyr/subsys/bluetooth/host/libsubsys__bluetooth__host.a(att.c.obj)
 .text.bt_att_connected
                0x00000000000087ac       0x40 zephyr/subsys/bluetooth/host/libsubsys__bluetooth__host.a(att.c.obj)
 .text.read_group_cb
                0x00000000000087ec       0xb8 zephyr/subsys/bluetooth/host/libsubsys__bluetooth__host.a(att.c.obj)
 .text.bt_att_chan_create_pdu
                0x00000000000088a4       0xc0 zephyr/subsys/bluetooth/host/libsubsys__bluetooth__host.a(att.c.obj)
 .text.read_type_cb
                0x0000000000008964       0xac zephyr/subsys/bluetooth/host/libsubsys__bluetooth__host.a(att.c.obj)
 .text.bt_att_accept
                0x0000000000008a10       0xcc zephyr/subsys/bluetooth/host/libsubsys__bluetooth__host.a(att.c.obj)
 .text.chan_send
                0x0000000000008adc       0xa4 zephyr/subsys/bluetooth/host/libsubsys__bluetooth__host.a(att.c.obj)
 .text.bt_att_recv
                0x0000000000008b80       0xfc zephyr/subsys/bluetooth/host/libsubsys__bluetooth__host.a(att.c.obj)
 .text.att_write_rsp.constprop.0
                0x0000000000008c7c       0xc8 zephyr/subsys/bluetooth/host/libsubsys__bluetooth__host.a(att.c.obj)
 .text.att_read_group_req
                0x0000000000008d44       0xfc zephyr/subsys/bluetooth/host/libsubsys__bluetooth__host.a(att.c.obj)
 .text.att_read_mult_vl_req
                0x0000000000008e40       0xa8 zephyr/subsys/bluetooth/host/libsubsys__bluetooth__host.a(att.c.obj)
 .text.att_read_mult_req
                0x0000000000008ee8       0xa8 zephyr/subsys/bluetooth/host/libsubsys__bluetooth__host.a(att.c.obj)
 .text.att_read_rsp
                0x0000000000008f90       0x9c zephyr/subsys/bluetooth/host/libsubsys__bluetooth__host.a(att.c.obj)
 .text.att_read_type_req
                0x000000000000902c       0xc8 zephyr/subsys/bluetooth/host/libsubsys__bluetooth__host.a(att.c.obj)
 .text.att_find_type_req
                0x00000000000090f4       0xcc zephyr/subsys/bluetooth/host/libsubsys__bluetooth__host.a(att.c.obj)
 .text.att_find_info_req
                0x00000000000091c0       0x74 zephyr/subsys/bluetooth/host/libsubsys__bluetooth__host.a(att.c.obj)
 .text.bt_att_init
                0x0000000000009234       0x38 zephyr/subsys/bluetooth/host/libsubsys__bluetooth__host.a(att.c.obj)
                0x0000000000009234                bt_att_init
 .text.bt_att_req_alloc
                0x000000000000926c       0x50 zephyr/subsys/bluetooth/host/libsubsys__bluetooth__host.a(att.c.obj)
                0x000000000000926c                bt_att_req_alloc
 .text.bt_att_req_free
                0x00000000000092bc       0x28 zephyr/subsys/bluetooth/host/libsubsys__bluetooth__host.a(att.c.obj)
                0x00000000000092bc                bt_att_req_free
 .text.att_handle_rsp
                0x00000000000092e4       0x6c zephyr/subsys/bluetooth/host/libsubsys__bluetooth__host.a(att.c.obj)
 .text.bt_att_disconnected
                0x0000000000009350       0xcc zephyr/subsys/bluetooth/host/libsubsys__bluetooth__host.a(att.c.obj)
 .text.att_timeout
                0x000000000000941c       0x88 zephyr/subsys/bluetooth/host/libsubsys__bluetooth__host.a(att.c.obj)
 .text.db_hash_set
                0x00000000000094a4       0x18 zephyr/subsys/bluetooth/host/libsubsys__bluetooth__host.a(gatt.c.obj)
 .text.find_cf_cfg_by_addr
                0x00000000000094bc       0x38 zephyr/subsys/bluetooth/host/libsubsys__bluetooth__host.a(gatt.c.obj)
 .text.gatt_delayed_store_find
                0x00000000000094f4       0x38 zephyr/subsys/bluetooth/host/libsubsys__bluetooth__host.a(gatt.c.obj)
 .text.find_sc_cfg
                0x000000000000952c       0x38 zephyr/subsys/bluetooth/host/libsubsys__bluetooth__host.a(gatt.c.obj)
 .text.find_cf_cfg
                0x0000000000009564       0x44 zephyr/subsys/bluetooth/host/libsubsys__bluetooth__host.a(gatt.c.obj)
 .text.find_ccc_cfg
                0x00000000000095a8       0x38 zephyr/subsys/bluetooth/host/libsubsys__bluetooth__host.a(gatt.c.obj)
 .text.gatt_delayed_store_enqueue
                0x00000000000095e0       0x78 zephyr/subsys/bluetooth/host/libsubsys__bluetooth__host.a(gatt.c.obj)
 .text.ccc_load
                0x0000000000009658       0x8c zephyr/subsys/bluetooth/host/libsubsys__bluetooth__host.a(gatt.c.obj)
 .text.sc_save  0x00000000000096e4       0x6c zephyr/subsys/bluetooth/host/libsubsys__bluetooth__host.a(gatt.c.obj)
 .text.sc_set   0x0000000000009750       0x8c zephyr/subsys/bluetooth/host/libsubsys__bluetooth__host.a(gatt.c.obj)
 .text.read_ppcp
                0x00000000000097dc       0x28 zephyr/subsys/bluetooth/host/libsubsys__bluetooth__host.a(gatt.c.obj)
 .text.remove_peer_from_attr
                0x0000000000009804       0x28 zephyr/subsys/bluetooth/host/libsubsys__bluetooth__host.a(gatt.c.obj)
 .text.convert_to_id_on_match
                0x000000000000982c       0x34 zephyr/subsys/bluetooth/host/libsubsys__bluetooth__host.a(gatt.c.obj)
 .text.ccc_save
                0x0000000000009860       0x38 zephyr/subsys/bluetooth/host/libsubsys__bluetooth__host.a(gatt.c.obj)
 .text.sc_indicate.part.0
                0x0000000000009898       0x10 zephyr/subsys/bluetooth/host/libsubsys__bluetooth__host.a(gatt.c.obj)
 .text.sc_commit
                0x00000000000098a8       0x2c zephyr/subsys/bluetooth/host/libsubsys__bluetooth__host.a(gatt.c.obj)
 .text.clear_cf_cfg
                0x00000000000098d4       0x2c zephyr/subsys/bluetooth/host/libsubsys__bluetooth__host.a(gatt.c.obj)
 .text.disconnected_cb
                0x0000000000009900       0xb4 zephyr/subsys/bluetooth/host/libsubsys__bluetooth__host.a(gatt.c.obj)
 .text.bt_gatt_attr_write_ccc
                0x00000000000099b4       0xbc zephyr/subsys/bluetooth/host/libsubsys__bluetooth__host.a(gatt.c.obj)
                0x00000000000099b4                bt_gatt_attr_write_ccc
 .text.sc_indicate.constprop.0
                0x0000000000009a70       0x58 zephyr/subsys/bluetooth/host/libsubsys__bluetooth__host.a(gatt.c.obj)
 .text.set_all_change_unaware
                0x0000000000009ac8       0x38 zephyr/subsys/bluetooth/host/libsubsys__bluetooth__host.a(gatt.c.obj)
 .text.sc_indicate_rsp
                0x0000000000009b00       0x4c zephyr/subsys/bluetooth/host/libsubsys__bluetooth__host.a(gatt.c.obj)
 .text.bt_gatt_init
                0x0000000000009b4c       0xb4 zephyr/subsys/bluetooth/host/libsubsys__bluetooth__host.a(gatt.c.obj)
                0x0000000000009b4c                bt_gatt_init
 .text.bt_gatt_attr_get_handle
                0x0000000000009c00       0x60 zephyr/subsys/bluetooth/host/libsubsys__bluetooth__host.a(gatt.c.obj)
                0x0000000000009c00                bt_gatt_attr_get_handle
 .text.bt_gatt_foreach_attr_type
                0x0000000000009c60       0xb4 zephyr/subsys/bluetooth/host/libsubsys__bluetooth__host.a(gatt.c.obj)
                0x0000000000009c60                bt_gatt_foreach_attr_type
 .text.db_hash_gen
                0x0000000000009d14       0x64 zephyr/subsys/bluetooth/host/libsubsys__bluetooth__host.a(gatt.c.obj)
 .text.db_hash_read
                0x0000000000009d78       0x78 zephyr/subsys/bluetooth/host/libsubsys__bluetooth__host.a(gatt.c.obj)
 .text.do_db_hash
                0x0000000000009df0       0x7c zephyr/subsys/bluetooth/host/libsubsys__bluetooth__host.a(gatt.c.obj)
 .text.db_hash_commit
                0x0000000000009e6c       0x18 zephyr/subsys/bluetooth/host/libsubsys__bluetooth__host.a(gatt.c.obj)
 .text.ccc_set_direct
                0x0000000000009e84       0x98 zephyr/subsys/bluetooth/host/libsubsys__bluetooth__host.a(gatt.c.obj)
 .text.bt_gatt_attr_next
                0x0000000000009f1c       0x24 zephyr/subsys/bluetooth/host/libsubsys__bluetooth__host.a(gatt.c.obj)
                0x0000000000009f1c                bt_gatt_attr_next
 .text.gatt_indicate
                0x0000000000009f40       0xbc zephyr/subsys/bluetooth/host/libsubsys__bluetooth__host.a(gatt.c.obj)
 .text.bt_gatt_indicate
                0x0000000000009ffc       0xf0 zephyr/subsys/bluetooth/host/libsubsys__bluetooth__host.a(gatt.c.obj)
                0x0000000000009ffc                bt_gatt_indicate
 .text.sc_process
                0x000000000000a0ec       0x5c zephyr/subsys/bluetooth/host/libsubsys__bluetooth__host.a(gatt.c.obj)
 .text.update_ccc
                0x000000000000a148       0xf0 zephyr/subsys/bluetooth/host/libsubsys__bluetooth__host.a(gatt.c.obj)
 .text.bt_gatt_notify_cb
                0x000000000000a238       0xe8 zephyr/subsys/bluetooth/host/libsubsys__bluetooth__host.a(gatt.c.obj)
                0x000000000000a238                bt_gatt_notify_cb
 .text.notify_cb
                0x000000000000a320      0x12c zephyr/subsys/bluetooth/host/libsubsys__bluetooth__host.a(gatt.c.obj)
 .text.bt_gatt_connected
                0x000000000000a44c       0x78 zephyr/subsys/bluetooth/host/libsubsys__bluetooth__host.a(gatt.c.obj)
                0x000000000000a44c                bt_gatt_connected
 .text.bt_gatt_att_max_mtu_changed
                0x000000000000a4c4       0x28 zephyr/subsys/bluetooth/host/libsubsys__bluetooth__host.a(gatt.c.obj)
                0x000000000000a4c4                bt_gatt_att_max_mtu_changed
 .text.bt_gatt_encrypt_change
                0x000000000000a4ec       0x30 zephyr/subsys/bluetooth/host/libsubsys__bluetooth__host.a(gatt.c.obj)
                0x000000000000a4ec                bt_gatt_encrypt_change
 .text.bt_gatt_store_ccc
                0x000000000000a51c       0x3c zephyr/subsys/bluetooth/host/libsubsys__bluetooth__host.a(gatt.c.obj)
                0x000000000000a51c                bt_gatt_store_ccc
 .text.bt_gatt_identity_resolved
                0x000000000000a558       0x5c zephyr/subsys/bluetooth/host/libsubsys__bluetooth__host.a(gatt.c.obj)
 .text.bt_gatt_clear
                0x000000000000a5b4       0x54 zephyr/subsys/bluetooth/host/libsubsys__bluetooth__host.a(gatt.c.obj)
                0x000000000000a5b4                bt_gatt_clear
 .text.bt_gatt_disconnected
                0x000000000000a608       0x78 zephyr/subsys/bluetooth/host/libsubsys__bluetooth__host.a(gatt.c.obj)
                0x000000000000a608                bt_gatt_disconnected
 .text.bt_smp_accept
                0x000000000000a680       0x44 zephyr/subsys/bluetooth/host/libsubsys__bluetooth__host.a(smp.c.obj)
 .text.smp_find
                0x000000000000a6c4       0x28 zephyr/subsys/bluetooth/host/libsubsys__bluetooth__host.a(smp.c.obj)
 .text.latch_auth_cb
                0x000000000000a6ec       0x3c zephyr/subsys/bluetooth/host/libsubsys__bluetooth__host.a(smp.c.obj)
 .text.get_io_capa
                0x000000000000a728       0x4c zephyr/subsys/bluetooth/host/libsubsys__bluetooth__host.a(smp.c.obj)
 .text.smp_init
                0x000000000000a774       0x38 zephyr/subsys/bluetooth/host/libsubsys__bluetooth__host.a(smp.c.obj)
 .text.smp_dhkey_generate
                0x000000000000a7ac       0x2c zephyr/subsys/bluetooth/host/libsubsys__bluetooth__host.a(smp.c.obj)
 .text.smp_send_pairing_confirm
                0x000000000000a7d8       0x7c zephyr/subsys/bluetooth/host/libsubsys__bluetooth__host.a(smp.c.obj)
 .text.smp_public_key_periph
                0x000000000000a854      0x138 zephyr/subsys/bluetooth/host/libsubsys__bluetooth__host.a(smp.c.obj)
 .text.smp_public_key
                0x000000000000a98c       0x98 zephyr/subsys/bluetooth/host/libsubsys__bluetooth__host.a(smp.c.obj)
 .text.get_auth
                0x000000000000aa24       0x68 zephyr/subsys/bluetooth/host/libsubsys__bluetooth__host.a(smp.c.obj)
 .text.smp_pairing_req
                0x000000000000aa8c      0x370 zephyr/subsys/bluetooth/host/libsubsys__bluetooth__host.a(smp.c.obj)
 .text.bt_smp_connected
                0x000000000000adfc       0x54 zephyr/subsys/bluetooth/host/libsubsys__bluetooth__host.a(smp.c.obj)
 .text.smp_pairing_random
                0x000000000000ae50      0x204 zephyr/subsys/bluetooth/host/libsubsys__bluetooth__host.a(smp.c.obj)
 .text.bt_smp_start_security
                0x000000000000b054      0x18c zephyr/subsys/bluetooth/host/libsubsys__bluetooth__host.a(smp.c.obj)
                0x000000000000b054                bt_smp_start_security
 .text.smp_pairing_complete
                0x000000000000b1e0      0x120 zephyr/subsys/bluetooth/host/libsubsys__bluetooth__host.a(smp.c.obj)
 .text.bt_smp_recv
                0x000000000000b300       0x84 zephyr/subsys/bluetooth/host/libsubsys__bluetooth__host.a(smp.c.obj)
 .text.bt_smp_pkey_ready
                0x000000000000b384       0x44 zephyr/subsys/bluetooth/host/libsubsys__bluetooth__host.a(smp.c.obj)
 .text.smp_ident_addr_info
                0x000000000000b3c8      0x108 zephyr/subsys/bluetooth/host/libsubsys__bluetooth__host.a(smp.c.obj)
 .text.bt_smp_encrypt_change
                0x000000000000b4d0      0x1d8 zephyr/subsys/bluetooth/host/libsubsys__bluetooth__host.a(smp.c.obj)
 .text.bt_smp_init
                0x000000000000b6a8       0x2c zephyr/subsys/bluetooth/host/libsubsys__bluetooth__host.a(smp.c.obj)
                0x000000000000b6a8                bt_smp_init
 .text.bt_keys_get_addr
                0x000000000000b6d4      0x108 zephyr/subsys/bluetooth/host/libsubsys__bluetooth__host.a(keys.c.obj)
                0x000000000000b6d4                bt_keys_get_addr
 .text.bt_foreach_bond
                0x000000000000b7dc       0x3c zephyr/subsys/bluetooth/host/libsubsys__bluetooth__host.a(keys.c.obj)
                0x000000000000b7dc                bt_foreach_bond
 .text.bt_keys_foreach_type
                0x000000000000b818       0x2c zephyr/subsys/bluetooth/host/libsubsys__bluetooth__host.a(keys.c.obj)
                0x000000000000b818                bt_keys_foreach_type
 .text.keys_commit
                0x000000000000b844       0x14 zephyr/subsys/bluetooth/host/libsubsys__bluetooth__host.a(keys.c.obj)
 .text.bt_keys_find
                0x000000000000b858       0x48 zephyr/subsys/bluetooth/host/libsubsys__bluetooth__host.a(keys.c.obj)
                0x000000000000b858                bt_keys_find
 .text.bt_keys_find_irk
                0x000000000000b8a0       0xa8 zephyr/subsys/bluetooth/host/libsubsys__bluetooth__host.a(keys.c.obj)
                0x000000000000b8a0                bt_keys_find_irk
 .text.bt_keys_find_addr
                0x000000000000b948       0x3c zephyr/subsys/bluetooth/host/libsubsys__bluetooth__host.a(keys.c.obj)
                0x000000000000b948                bt_keys_find_addr
 .text.find_key_in_use
                0x000000000000b984       0x34 zephyr/subsys/bluetooth/host/libsubsys__bluetooth__host.a(keys.c.obj)
 .text.keys_set
                0x000000000000b9b8       0x9c zephyr/subsys/bluetooth/host/libsubsys__bluetooth__host.a(keys.c.obj)
 .text.bt_keys_update_usage
                0x000000000000ba54       0x28 zephyr/subsys/bluetooth/host/libsubsys__bluetooth__host.a(keys.c.obj)
                0x000000000000ba54                bt_keys_update_usage
 .text.bt_crypto_f5
                0x000000000000ba7c       0xd0 zephyr/subsys/bluetooth/crypto/libsubsys__bluetooth__crypto.a(bt_crypto.c.obj)
                0x000000000000ba7c                bt_crypto_f5
 .text.bt_crypto_g2
                0x000000000000bb4c       0x5c zephyr/subsys/bluetooth/crypto/libsubsys__bluetooth__crypto.a(bt_crypto.c.obj)
                0x000000000000bb4c                bt_crypto_g2
 .text.mem_init
                0x000000000000bba8       0x48 zephyr/subsys/bluetooth/controller/libsubsys__bluetooth__controller.a(mem.c.obj)
                0x000000000000bba8                mem_init
 .text.mem_acquire
                0x000000000000bbf0       0x2c zephyr/subsys/bluetooth/controller/libsubsys__bluetooth__controller.a(mem.c.obj)
                0x000000000000bbf0                mem_acquire
 .text.mem_release
                0x000000000000bc1c       0x28 zephyr/subsys/bluetooth/controller/libsubsys__bluetooth__controller.a(mem.c.obj)
                0x000000000000bc1c                mem_release
 .text.mem_get  0x000000000000bc44        0x8 zephyr/subsys/bluetooth/controller/libsubsys__bluetooth__controller.a(mem.c.obj)
                0x000000000000bc44                mem_get
 .text.mem_index_get
                0x000000000000bc4c        0xc zephyr/subsys/bluetooth/controller/libsubsys__bluetooth__controller.a(mem.c.obj)
                0x000000000000bc4c                mem_index_get
 .text.mem_rcopy
                0x000000000000bc58       0x1c zephyr/subsys/bluetooth/controller/libsubsys__bluetooth__controller.a(mem.c.obj)
                0x000000000000bc58                mem_rcopy
 .text.mem_nz   0x000000000000bc74       0x18 zephyr/subsys/bluetooth/controller/libsubsys__bluetooth__controller.a(mem.c.obj)
                0x000000000000bc74                mem_nz
 .text.memq_init
                0x000000000000bc8c        0x8 zephyr/subsys/bluetooth/controller/libsubsys__bluetooth__controller.a(memq.c.obj)
                0x000000000000bc8c                memq_init
 .text.memq_deinit
                0x000000000000bc94       0x14 zephyr/subsys/bluetooth/controller/libsubsys__bluetooth__controller.a(memq.c.obj)
                0x000000000000bc94                memq_deinit
 .text.memq_enqueue
                0x000000000000bca8       0x14 zephyr/subsys/bluetooth/controller/libsubsys__bluetooth__controller.a(memq.c.obj)
                0x000000000000bca8                memq_enqueue
 .text.memq_peek
                0x000000000000bcbc       0x10 zephyr/subsys/bluetooth/controller/libsubsys__bluetooth__controller.a(memq.c.obj)
                0x000000000000bcbc                memq_peek
 .text.memq_dequeue
                0x000000000000bccc       0x20 zephyr/subsys/bluetooth/controller/libsubsys__bluetooth__controller.a(memq.c.obj)
                0x000000000000bccc                memq_dequeue
 .text.mayfly_init
                0x000000000000bcec       0x40 zephyr/subsys/bluetooth/controller/libsubsys__bluetooth__controller.a(mayfly.c.obj)
                0x000000000000bcec                mayfly_init
 .text.mayfly_enable
                0x000000000000bd2c       0x68 zephyr/subsys/bluetooth/controller/libsubsys__bluetooth__controller.a(mayfly.c.obj)
                0x000000000000bd2c                mayfly_enable
 .text.mayfly_enqueue
                0x000000000000bd94       0xbc zephyr/subsys/bluetooth/controller/libsubsys__bluetooth__controller.a(mayfly.c.obj)
                0x000000000000bd94                mayfly_enqueue
 .text.mayfly_run
                0x000000000000be50      0x174 zephyr/subsys/bluetooth/controller/libsubsys__bluetooth__controller.a(mayfly.c.obj)
                0x000000000000be50                mayfly_run
 .text.util_ones_count_get
                0x000000000000bfc4       0x28 zephyr/subsys/bluetooth/controller/libsubsys__bluetooth__controller.a(util.c.obj)
                0x000000000000bfc4                util_ones_count_get
 .text.ticker_dequeue
                0x000000000000bfec       0x74 zephyr/subsys/bluetooth/controller/libsubsys__bluetooth__controller.a(ticker.c.obj)
 .text.ticks_to_expire_prep
                0x000000000000c060       0x48 zephyr/subsys/bluetooth/controller/libsubsys__bluetooth__controller.a(ticker.c.obj)
 .text.start_us.constprop.0
                0x000000000000c0a8       0xac zephyr/subsys/bluetooth/controller/libsubsys__bluetooth__controller.a(ticker.c.obj)
 .text.ticker_job_list_insert
                0x000000000000c154      0x214 zephyr/subsys/bluetooth/controller/libsubsys__bluetooth__controller.a(ticker.c.obj)
 .text.ticker_worker
                0x000000000000c368      0x2b0 zephyr/subsys/bluetooth/controller/libsubsys__bluetooth__controller.a(ticker.c.obj)
                0x000000000000c368                ticker_worker
 .text.ticker_job
                0x000000000000c618      0xae4 zephyr/subsys/bluetooth/controller/libsubsys__bluetooth__controller.a(ticker.c.obj)
                0x000000000000c618                ticker_job
 .text.ticker_init
                0x000000000000d0fc       0x64 zephyr/subsys/bluetooth/controller/libsubsys__bluetooth__controller.a(ticker.c.obj)
                0x000000000000d0fc                ticker_init
 .text.ticker_is_initialized
                0x000000000000d160       0x18 zephyr/subsys/bluetooth/controller/libsubsys__bluetooth__controller.a(ticker.c.obj)
                0x000000000000d160                ticker_is_initialized
 .text.ticker_trigger
                0x000000000000d178       0x30 zephyr/subsys/bluetooth/controller/libsubsys__bluetooth__controller.a(ticker.c.obj)
                0x000000000000d178                ticker_trigger
 .text.ticker_start
                0x000000000000d1a8       0x38 zephyr/subsys/bluetooth/controller/libsubsys__bluetooth__controller.a(ticker.c.obj)
                0x000000000000d1a8                ticker_start
 .text.ticker_start_ext
                0x000000000000d1e0       0x10 zephyr/subsys/bluetooth/controller/libsubsys__bluetooth__controller.a(ticker.c.obj)
                0x000000000000d1e0                ticker_start_ext
 .text.ticker_update_ext
                0x000000000000d1f0       0xb0 zephyr/subsys/bluetooth/controller/libsubsys__bluetooth__controller.a(ticker.c.obj)
                0x000000000000d1f0                ticker_update_ext
 .text.ticker_update
                0x000000000000d2a0       0x30 zephyr/subsys/bluetooth/controller/libsubsys__bluetooth__controller.a(ticker.c.obj)
                0x000000000000d2a0                ticker_update
 .text.ticker_stop
                0x000000000000d2d0       0x84 zephyr/subsys/bluetooth/controller/libsubsys__bluetooth__controller.a(ticker.c.obj)
                0x000000000000d2d0                ticker_stop
 .text.ticker_stop_abs
                0x000000000000d354       0x88 zephyr/subsys/bluetooth/controller/libsubsys__bluetooth__controller.a(ticker.c.obj)
                0x000000000000d354                ticker_stop_abs
 .text.ticker_ticks_now_get
                0x000000000000d3dc        0x4 zephyr/subsys/bluetooth/controller/libsubsys__bluetooth__controller.a(ticker.c.obj)
                0x000000000000d3dc                ticker_ticks_now_get
 .text.ticker_ticks_diff_get
                0x000000000000d3e0        0x8 zephyr/subsys/bluetooth/controller/libsubsys__bluetooth__controller.a(ticker.c.obj)
                0x000000000000d3e0                ticker_ticks_diff_get
 .text.ll_feat_get
                0x000000000000d3e8        0xc zephyr/subsys/bluetooth/controller/libsubsys__bluetooth__controller.a(ll_feat.c.obj)
                0x000000000000d3e8                ll_feat_get
 .text.ll_tx_pwr_lvl_get
                0x000000000000d3f4       0x20 zephyr/subsys/bluetooth/controller/libsubsys__bluetooth__controller.a(ll_tx_pwr.c.obj)
                0x000000000000d3f4                ll_tx_pwr_lvl_get
 .text.ll_tx_pwr_get
                0x000000000000d414        0x8 zephyr/subsys/bluetooth/controller/libsubsys__bluetooth__controller.a(ll_tx_pwr.c.obj)
                0x000000000000d414                ll_tx_pwr_get
 .text.ll_addr_set
                0x000000000000d41c       0x38 zephyr/subsys/bluetooth/controller/libsubsys__bluetooth__controller.a(ll_addr.c.obj)
                0x000000000000d41c                ll_addr_set
 .text.ll_addr_get
                0x000000000000d454       0x20 zephyr/subsys/bluetooth/controller/libsubsys__bluetooth__controller.a(ll_addr.c.obj)
                0x000000000000d454                ll_addr_get
 .text.ll_addr_read
                0x000000000000d474       0x28 zephyr/subsys/bluetooth/controller/libsubsys__bluetooth__controller.a(ll_addr.c.obj)
                0x000000000000d474                ll_addr_read
 .text.perform_lll_reset
                0x000000000000d49c       0x94 zephyr/subsys/bluetooth/controller/libsubsys__bluetooth__controller.a(ull.c.obj)
 .text.ull_ticker_status_give
                0x000000000000d530        0xc zephyr/subsys/bluetooth/controller/libsubsys__bluetooth__controller.a(ull.c.obj)
                0x000000000000d530                ull_ticker_status_give
 .text.disabled_cb
                0x000000000000d53c        0x4 zephyr/subsys/bluetooth/controller/libsubsys__bluetooth__controller.a(ull.c.obj)
 .text.tx_cmplt_get
                0x000000000000d540       0xb4 zephyr/subsys/bluetooth/controller/libsubsys__bluetooth__controller.a(ull.c.obj)
 .text.rx_replenish
                0x000000000000d5f4      0x110 zephyr/subsys/bluetooth/controller/libsubsys__bluetooth__controller.a(ull.c.obj)
 .text.rx_demux
                0x000000000000d704      0x2b0 zephyr/subsys/bluetooth/controller/libsubsys__bluetooth__controller.a(ull.c.obj)
 .text.ll_rx_get
                0x000000000000d9b4       0xf4 zephyr/subsys/bluetooth/controller/libsubsys__bluetooth__controller.a(ull.c.obj)
                0x000000000000d9b4                ll_rx_get
 .text.ll_rx_dequeue
                0x000000000000daa8      0x1a8 zephyr/subsys/bluetooth/controller/libsubsys__bluetooth__controller.a(ull.c.obj)
                0x000000000000daa8                ll_rx_dequeue
 .text.ll_rx_mem_release
                0x000000000000dc50      0x190 zephyr/subsys/bluetooth/controller/libsubsys__bluetooth__controller.a(ull.c.obj)
                0x000000000000dc50                ll_rx_mem_release
 .text.ll_rx_link_alloc
                0x000000000000dde0        0xc zephyr/subsys/bluetooth/controller/libsubsys__bluetooth__controller.a(ull.c.obj)
                0x000000000000dde0                ll_rx_link_alloc
 .text.ll_rx_link_release
                0x000000000000ddec        0xc zephyr/subsys/bluetooth/controller/libsubsys__bluetooth__controller.a(ull.c.obj)
                0x000000000000ddec                ll_rx_link_release
 .text.ll_rx_alloc
                0x000000000000ddf8        0xc zephyr/subsys/bluetooth/controller/libsubsys__bluetooth__controller.a(ull.c.obj)
                0x000000000000ddf8                ll_rx_alloc
 .text.ll_rx_release
                0x000000000000de04        0xc zephyr/subsys/bluetooth/controller/libsubsys__bluetooth__controller.a(ull.c.obj)
                0x000000000000de04                ll_rx_release
 .text.ll_rx_put
                0x000000000000de10       0x14 zephyr/subsys/bluetooth/controller/libsubsys__bluetooth__controller.a(ull.c.obj)
                0x000000000000de10                ll_rx_put
 .text.ll_rx_put_sched
                0x000000000000de24       0x28 zephyr/subsys/bluetooth/controller/libsubsys__bluetooth__controller.a(ull.c.obj)
                0x000000000000de24                ll_rx_put_sched
 .text.ll_pdu_rx_alloc_peek
                0x000000000000de4c       0x44 zephyr/subsys/bluetooth/controller/libsubsys__bluetooth__controller.a(ull.c.obj)
                0x000000000000de4c                ll_pdu_rx_alloc_peek
 .text.ll_pdu_rx_alloc
                0x000000000000de90       0x2c zephyr/subsys/bluetooth/controller/libsubsys__bluetooth__controller.a(ull.c.obj)
                0x000000000000de90                ll_pdu_rx_alloc
 .text.ll_tx_ack_put
                0x000000000000debc       0x64 zephyr/subsys/bluetooth/controller/libsubsys__bluetooth__controller.a(ull.c.obj)
                0x000000000000debc                ll_tx_ack_put
 .text.ll_timeslice_ticker_id_get
                0x000000000000df20        0xc zephyr/subsys/bluetooth/controller/libsubsys__bluetooth__controller.a(ull.c.obj)
                0x000000000000df20                ll_timeslice_ticker_id_get
 .text.ll_radio_state_abort
                0x000000000000df2c       0x40 zephyr/subsys/bluetooth/controller/libsubsys__bluetooth__controller.a(ull.c.obj)
                0x000000000000df2c                ll_radio_state_abort
 .text.ull_ticker_status_take
                0x000000000000df6c       0x24 zephyr/subsys/bluetooth/controller/libsubsys__bluetooth__controller.a(ull.c.obj)
                0x000000000000df6c                ull_ticker_status_take
 .text.ull_disable_mark
                0x000000000000df90       0x18 zephyr/subsys/bluetooth/controller/libsubsys__bluetooth__controller.a(ull.c.obj)
                0x000000000000df90                ull_disable_mark
 .text.ull_disable_unmark
                0x000000000000dfa8       0x18 zephyr/subsys/bluetooth/controller/libsubsys__bluetooth__controller.a(ull.c.obj)
                0x000000000000dfa8                ull_disable_unmark
 .text.ull_disable_mark_get
                0x000000000000dfc0        0xc zephyr/subsys/bluetooth/controller/libsubsys__bluetooth__controller.a(ull.c.obj)
                0x000000000000dfc0                ull_disable_mark_get
 .text.ull_update_mark
                0x000000000000dfcc       0x18 zephyr/subsys/bluetooth/controller/libsubsys__bluetooth__controller.a(ull.c.obj)
                0x000000000000dfcc                ull_update_mark
 .text.ull_update_unmark
                0x000000000000dfe4       0x18 zephyr/subsys/bluetooth/controller/libsubsys__bluetooth__controller.a(ull.c.obj)
                0x000000000000dfe4                ull_update_unmark
 .text.ull_update_mark_get
                0x000000000000dffc        0xc zephyr/subsys/bluetooth/controller/libsubsys__bluetooth__controller.a(ull.c.obj)
                0x000000000000dffc                ull_update_mark_get
 .text.ull_disable
                0x000000000000e008       0x78 zephyr/subsys/bluetooth/controller/libsubsys__bluetooth__controller.a(ull.c.obj)
                0x000000000000e008                ull_disable
 .text.ull_ticker_stop_with_mark
                0x000000000000e080       0xa4 zephyr/subsys/bluetooth/controller/libsubsys__bluetooth__controller.a(ull.c.obj)
                0x000000000000e080                ull_ticker_stop_with_mark
 .text.ull_pdu_rx_alloc_peek
                0x000000000000e124       0x44 zephyr/subsys/bluetooth/controller/libsubsys__bluetooth__controller.a(ull.c.obj)
                0x000000000000e124                ull_pdu_rx_alloc_peek
 .text.ull_pdu_rx_alloc
                0x000000000000e168       0x2c zephyr/subsys/bluetooth/controller/libsubsys__bluetooth__controller.a(ull.c.obj)
                0x000000000000e168                ull_pdu_rx_alloc
 .text.ull_rx_put
                0x000000000000e194       0x20 zephyr/subsys/bluetooth/controller/libsubsys__bluetooth__controller.a(ull.c.obj)
                0x000000000000e194                ull_rx_put
 .text.ull_rx_sched
                0x000000000000e1b4       0x10 zephyr/subsys/bluetooth/controller/libsubsys__bluetooth__controller.a(ull.c.obj)
                0x000000000000e1b4                ull_rx_sched
 .text.ull_rx_put_sched
                0x000000000000e1c4       0x30 zephyr/subsys/bluetooth/controller/libsubsys__bluetooth__controller.a(ull.c.obj)
                0x000000000000e1c4                ull_rx_put_sched
 .text.ull_prepare_enqueue
                0x000000000000e1f4       0x74 zephyr/subsys/bluetooth/controller/libsubsys__bluetooth__controller.a(ull.c.obj)
                0x000000000000e1f4                ull_prepare_enqueue
 .text.ull_prepare_dequeue_get
                0x000000000000e268       0x1c zephyr/subsys/bluetooth/controller/libsubsys__bluetooth__controller.a(ull.c.obj)
                0x000000000000e268                ull_prepare_dequeue_get
 .text.ull_prepare_dequeue_iter
                0x000000000000e284       0x40 zephyr/subsys/bluetooth/controller/libsubsys__bluetooth__controller.a(ull.c.obj)
                0x000000000000e284                ull_prepare_dequeue_iter
 .text.ull_prepare_dequeue
                0x000000000000e2c4       0xc8 zephyr/subsys/bluetooth/controller/libsubsys__bluetooth__controller.a(ull.c.obj)
                0x000000000000e2c4                ull_prepare_dequeue
 .text.ull_event_done_extra_get
                0x000000000000e38c       0x20 zephyr/subsys/bluetooth/controller/libsubsys__bluetooth__controller.a(ull.c.obj)
                0x000000000000e38c                ull_event_done_extra_get
 .text.ull_event_done
                0x000000000000e3ac       0x60 zephyr/subsys/bluetooth/controller/libsubsys__bluetooth__controller.a(ull.c.obj)
                0x000000000000e3ac                ull_event_done
 .text.ull_rxfifo_alloc
                0x000000000000e40c       0x88 zephyr/subsys/bluetooth/controller/libsubsys__bluetooth__controller.a(ull.c.obj)
                0x000000000000e40c                ull_rxfifo_alloc
 .text.init_reset
                0x000000000000e494      0x100 zephyr/subsys/bluetooth/controller/libsubsys__bluetooth__controller.a(ull.c.obj)
 .text.ll_init  0x000000000000e594       0xf4 zephyr/subsys/bluetooth/controller/libsubsys__bluetooth__controller.a(ull.c.obj)
                0x000000000000e594                ll_init
 .text.ll_reset
                0x000000000000e688      0x12c zephyr/subsys/bluetooth/controller/libsubsys__bluetooth__controller.a(ull.c.obj)
                0x000000000000e688                ll_reset
 .text.ll_deinit
                0x000000000000e7b4       0x10 zephyr/subsys/bluetooth/controller/libsubsys__bluetooth__controller.a(ull.c.obj)
                0x000000000000e7b4                ll_deinit
 .text.lll_prepare
                0x000000000000e7c4       0x14 zephyr/subsys/bluetooth/controller/libsubsys__bluetooth__controller.a(lll_common.c.obj)
                0x000000000000e7c4                lll_prepare
 .text.lll_resume
                0x000000000000e7d8       0x4c zephyr/subsys/bluetooth/controller/libsubsys__bluetooth__controller.a(lll_common.c.obj)
                0x000000000000e7d8                lll_resume
 .text.hci_driver_init
                0x000000000000e824       0x10 zephyr/subsys/bluetooth/controller/libsubsys__bluetooth__controller.a(hci_driver.c.obj)
 .text.hci_driver_send
                0x000000000000e834       0x6c zephyr/subsys/bluetooth/controller/libsubsys__bluetooth__controller.a(hci_driver.c.obj)
 .text.hci_driver_close
                0x000000000000e8a0       0x20 zephyr/subsys/bluetooth/controller/libsubsys__bluetooth__controller.a(hci_driver.c.obj)
 .text.recv_thread
                0x000000000000e8c0      0x120 zephyr/subsys/bluetooth/controller/libsubsys__bluetooth__controller.a(hci_driver.c.obj)
 .text.prio_recv_thread
                0x000000000000e9e0       0xc8 zephyr/subsys/bluetooth/controller/libsubsys__bluetooth__controller.a(hci_driver.c.obj)
 .text.hci_driver_open
                0x000000000000eaa8       0xa8 zephyr/subsys/bluetooth/controller/libsubsys__bluetooth__controller.a(hci_driver.c.obj)
 .text.hci_recv_fifo_reset
                0x000000000000eb50       0x20 zephyr/subsys/bluetooth/controller/libsubsys__bluetooth__controller.a(hci_driver.c.obj)
                0x000000000000eb50                hci_recv_fifo_reset
 .text.le_remote_feat_complete
                0x000000000000eb70       0x78 zephyr/subsys/bluetooth/controller/libsubsys__bluetooth__controller.a(hci.c.obj)
 .text.hci_vendor_cmd_handle_common
                0x000000000000ebe8      0x194 zephyr/subsys/bluetooth/controller/libsubsys__bluetooth__controller.a(hci.c.obj)
                0x000000000000ebe8                hci_vendor_cmd_handle_common
 .text.hci_cmd_handle
                0x000000000000ed7c      0x8d4 zephyr/subsys/bluetooth/controller/libsubsys__bluetooth__controller.a(hci.c.obj)
                0x000000000000ed7c                hci_cmd_handle
 .text.hci_acl_handle
                0x000000000000f650       0xbc zephyr/subsys/bluetooth/controller/libsubsys__bluetooth__controller.a(hci.c.obj)
                0x000000000000f650                hci_acl_handle
 .text.hci_disconn_complete_encode
                0x000000000000f70c       0x40 zephyr/subsys/bluetooth/controller/libsubsys__bluetooth__controller.a(hci.c.obj)
                0x000000000000f70c                hci_disconn_complete_encode
 .text.hci_disconn_complete_process
                0x000000000000f74c       0x10 zephyr/subsys/bluetooth/controller/libsubsys__bluetooth__controller.a(hci.c.obj)
                0x000000000000f74c                hci_disconn_complete_process
 .text.hci_acl_encode
                0x000000000000f75c       0x74 zephyr/subsys/bluetooth/controller/libsubsys__bluetooth__controller.a(hci.c.obj)
                0x000000000000f75c                hci_acl_encode
 .text.hci_evt_encode
                0x000000000000f7d0      0x5ac zephyr/subsys/bluetooth/controller/libsubsys__bluetooth__controller.a(hci.c.obj)
                0x000000000000f7d0                hci_evt_encode
 .text.hci_num_cmplt_encode
                0x000000000000fd7c       0x30 zephyr/subsys/bluetooth/controller/libsubsys__bluetooth__controller.a(hci.c.obj)
                0x000000000000fd7c                hci_num_cmplt_encode
 .text.hci_get_class
                0x000000000000fdac       0x2c zephyr/subsys/bluetooth/controller/libsubsys__bluetooth__controller.a(hci.c.obj)
                0x000000000000fdac                hci_get_class
 .text.hci_init
                0x000000000000fdd8       0x40 zephyr/subsys/bluetooth/controller/libsubsys__bluetooth__controller.a(hci.c.obj)
                0x000000000000fdd8                hci_init
 .text.ticker_stop_cb
                0x000000000000fe18       0x88 zephyr/subsys/bluetooth/controller/libsubsys__bluetooth__controller.a(ull_adv.c.obj)
 .text.ticker_stop_op_cb
                0x000000000000fea0       0x48 zephyr/subsys/bluetooth/controller/libsubsys__bluetooth__controller.a(ull_adv.c.obj)
 .text.disabled_cb
                0x000000000000fee8       0x90 zephyr/subsys/bluetooth/controller/libsubsys__bluetooth__controller.a(ull_adv.c.obj)
 .text.adv_disable
                0x000000000000ff78       0x80 zephyr/subsys/bluetooth/controller/libsubsys__bluetooth__controller.a(ull_adv.c.obj)
 .text.ticker_update_op_cb
                0x000000000000fff8       0x50 zephyr/subsys/bluetooth/controller/libsubsys__bluetooth__controller.a(ull_adv.c.obj)
 .text.init_set.constprop.0
                0x0000000000010048       0x54 zephyr/subsys/bluetooth/controller/libsubsys__bluetooth__controller.a(ull_adv.c.obj)
 .text.conn_release.constprop.0
                0x000000000001009c       0x84 zephyr/subsys/bluetooth/controller/libsubsys__bluetooth__controller.a(ull_adv.c.obj)
 .text.disable.constprop.0
                0x0000000000010120      0x160 zephyr/subsys/bluetooth/controller/libsubsys__bluetooth__controller.a(ull_adv.c.obj)
 .text.adv_time_get.constprop.0.isra.0
                0x0000000000010280       0x7c zephyr/subsys/bluetooth/controller/libsubsys__bluetooth__controller.a(ull_adv.c.obj)
 .text.ticker_cb
                0x00000000000102fc      0x138 zephyr/subsys/bluetooth/controller/libsubsys__bluetooth__controller.a(ull_adv.c.obj)
 .text.ll_adv_params_set
                0x0000000000010434      0x1e8 zephyr/subsys/bluetooth/controller/libsubsys__bluetooth__controller.a(ull_adv.c.obj)
                0x0000000000010434                ll_adv_params_set
 .text.ull_adv_init
                0x000000000001061c       0x20 zephyr/subsys/bluetooth/controller/libsubsys__bluetooth__controller.a(ull_adv.c.obj)
                0x000000000001061c                ull_adv_init
 .text.ull_adv_reset
                0x000000000001063c        0xc zephyr/subsys/bluetooth/controller/libsubsys__bluetooth__controller.a(ull_adv.c.obj)
                0x000000000001063c                ull_adv_reset
 .text.ull_adv_reset_finalize
                0x0000000000010648       0x2c zephyr/subsys/bluetooth/controller/libsubsys__bluetooth__controller.a(ull_adv.c.obj)
                0x0000000000010648                ull_adv_reset_finalize
 .text.ull_adv_handle_get
                0x0000000000010674       0x18 zephyr/subsys/bluetooth/controller/libsubsys__bluetooth__controller.a(ull_adv.c.obj)
                0x0000000000010674                ull_adv_handle_get
 .text.ull_adv_lll_handle_get
                0x000000000001068c       0x1c zephyr/subsys/bluetooth/controller/libsubsys__bluetooth__controller.a(ull_adv.c.obj)
                0x000000000001068c                ull_adv_lll_handle_get
 .text.ull_adv_is_enabled_get
                0x00000000000106a8       0x1c zephyr/subsys/bluetooth/controller/libsubsys__bluetooth__controller.a(ull_adv.c.obj)